Component: ARM Compiler 5.06 update 5 (build 528) Tool: armlink [4d35e2]

==============================================================================

Section Cross References

    startup_stm32f303xc.o(RESET) refers to startup_stm32f303xc.o(STACK) for __initial_sp
    startup_stm32f303xc.o(RESET) refers to startup_stm32f303xc.o(.text) for Reset_Handler
    startup_stm32f303xc.o(RESET) refers to stm32f3xx_it.o(i.NMI_Handler) for NMI_Handler
    startup_stm32f303xc.o(RESET) refers to stm32f3xx_it.o(i.HardFault_Handler) for HardFault_Handler
    startup_stm32f303xc.o(RESET) refers to stm32f3xx_it.o(i.MemManage_Handler) for MemManage_Handler
    startup_stm32f303xc.o(RESET) refers to stm32f3xx_it.o(i.BusFault_Handler) for BusFault_Handler
    startup_stm32f303xc.o(RESET) refers to stm32f3xx_it.o(i.UsageFault_Handler) for UsageFault_Handler
    startup_stm32f303xc.o(RESET) refers to stm32f3xx_it.o(i.SVC_Handler) for SVC_Handler
    startup_stm32f303xc.o(RESET) refers to stm32f3xx_it.o(i.DebugMon_Handler) for DebugMon_Handler
    startup_stm32f303xc.o(RESET) refers to stm32f3xx_it.o(i.PendSV_Handler) for PendSV_Handler
    startup_stm32f303xc.o(RESET) refers to stm32f3xx_it.o(i.SysTick_Handler) for SysTick_Handler
    startup_stm32f303xc.o(RESET) refers to stm32f3xx_it.o(i.DMA1_Channel1_IRQHandler) for DMA1_Channel1_IRQHandler
    startup_stm32f303xc.o(RESET) refers to stm32f3xx_it.o(i.USB_HP_CAN_TX_IRQHandler) for USB_HP_CAN_TX_IRQHandler
    startup_stm32f303xc.o(RESET) refers to stm32f3xx_it.o(i.USB_LP_CAN_RX0_IRQHandler) for USB_LP_CAN_RX0_IRQHandler
    startup_stm32f303xc.o(RESET) refers to stm32f3xx_it.o(i.CAN_RX1_IRQHandler) for CAN_RX1_IRQHandler
    startup_stm32f303xc.o(RESET) refers to stm32f3xx_it.o(i.CAN_SCE_IRQHandler) for CAN_SCE_IRQHandler
    startup_stm32f303xc.o(RESET) refers to stm32f3xx_it.o(i.EXTI15_10_IRQHandler) for EXTI15_10_IRQHandler
    startup_stm32f303xc.o(RESET) refers to stm32f3xx_it.o(i.DMA2_Channel1_IRQHandler) for DMA2_Channel1_IRQHandler
    startup_stm32f303xc.o(RESET) refers to stm32f3xx_it.o(i.DMA2_Channel5_IRQHandler) for DMA2_Channel5_IRQHandler
    startup_stm32f303xc.o(.text) refers to system_stm32f3xx.o(i.SystemInit) for SystemInit
    startup_stm32f303xc.o(.text) refers to entry.o(.ARM.Collect$$$$00000000) for __main
    adc.o(i.BLIK_LED) refers to stm32f3xx_hal_gpio.o(i.HAL_GPIO_TogglePin) for HAL_GPIO_TogglePin
    adc.o(i.Calibrate_pedals) refers to adc.o(.bss) for adc_measurement1
    adc.o(i.Calibrate_pedals) refers to adc.o(.data) for calib_offset
    adc.o(i.HAL_ADC_ConvCpltCallback) refers to adc.o(i.update_pedal_measurements) for update_pedal_measurements
    adc.o(i.HAL_ADC_ConvCpltCallback) refers to adc.o(i.update_voltage_measurements) for update_voltage_measurements
    adc.o(i.HAL_ADC_ConvCpltCallback) refers to adc.o(.bss) for adc_measurement1
    adc.o(i.HAL_ADC_ConvCpltCallback) refers to adc.o(.data) for adc_measurement2
    adc.o(i.Pedals_process) refers to can_ecup.o(i.ECUP_get_REQCalibPedal) for ECUP_get_REQCalibPedal
    adc.o(i.Pedals_process) refers to adc.o(i.BLIK_LED) for BLIK_LED
    adc.o(i.Pedals_process) refers to adc.o(i.Calibrate_pedals) for Calibrate_pedals
    adc.o(i.Pedals_process) refers to flash.o(i.write_flash) for write_flash
    adc.o(i.Pedals_process) refers to adc.o(i.Send_can_messagess) for Send_can_messagess
    adc.o(i.Pedals_process) refers to adc.o(.bss) for adc_measurement1
    adc.o(i.Pedals_process) refers to adc.o(.data) for ECUPdiag1
    adc.o(i.Send_can_messagess) refers to can_ecup.o(i.ECUP_Status_need_to_send) for ECUP_Status_need_to_send
    adc.o(i.Send_can_messagess) refers to stm32f3xx_hal_gpio.o(i.HAL_GPIO_ReadPin) for HAL_GPIO_ReadPin
    adc.o(i.Send_can_messagess) refers to can_ecup.o(i.ECUP_send_Status_s) for ECUP_send_Status_s
    adc.o(i.Send_can_messagess) refers to can_ecup.o(i.ECUP_Pedals_need_to_send) for ECUP_Pedals_need_to_send
    adc.o(i.Send_can_messagess) refers to can_ecup.o(i.ECUP_send_Pedals_s) for ECUP_send_Pedals_s
    adc.o(i.Send_can_messagess) refers to can_ecup.o(i.ECUP_Pressure_need_to_send) for ECUP_Pressure_need_to_send
    adc.o(i.Send_can_messagess) refers to can_ecup.o(i.ECUP_send_Pressure_s) for ECUP_send_Pressure_s
    adc.o(i.Send_can_messagess) refers to can_ecup.o(i.ECUP_DiagPos_need_to_send) for ECUP_DiagPos_need_to_send
    adc.o(i.Send_can_messagess) refers to can_ecup.o(i.ECUP_send_DiagPos_s) for ECUP_send_DiagPos_s
    adc.o(i.Send_can_messagess) refers to can_ecup.o(i.ECUP_DiagPressure_need_to_send) for ECUP_DiagPressure_need_to_send
    adc.o(i.Send_can_messagess) refers to can_ecup.o(i.ECUP_send_DiagPressure_s) for ECUP_send_DiagPressure_s
    adc.o(i.Send_can_messagess) refers to adc.o(.data) for ECUP_stat
    adc.o(i.calib_init) refers to flash.o(i.load_flash) for load_flash
    adc.o(i.calib_init) refers to adc.o(.bss) for calibrate
    adc.o(i.calib_init) refers to adc.o(.data) for min_acc_pedal
[...]
    Removing stm32f3xx_hal_i2c_ex.o(.rev16_text), (4 bytes).
    Removing stm32f3xx_hal_i2c_ex.o(.revsh_text), (4 bytes).
    Removing stm32f3xx_hal_i2c_ex.o(.rrx_text), (6 bytes).
    Removing stm32f3xx_hal_i2c_ex.o(i.HAL_I2CEx_ConfigAnalogFilter), (106 bytes).
    Removing stm32f3xx_hal_i2c_ex.o(i.HAL_I2CEx_ConfigDigitalFilter), (106 bytes).
    Removing stm32f3xx_hal_i2c_ex.o(i.HAL_I2CEx_DisableFastModePlus), (52 bytes).
    Removing stm32f3xx_hal_i2c_ex.o(i.HAL_I2CEx_DisableWakeUp), (96 bytes).
    Removing stm32f3xx_hal_i2c_ex.o(i.HAL_I2CEx_EnableFastModePlus), (52 bytes).
    Removing stm32f3xx_hal_i2c_ex.o(i.HAL_I2CEx_EnableWakeUp), (96 bytes).
    Removing system_stm32f3xx.o(.rev16_text), (4 bytes).
    Removing system_stm32f3xx.o(.revsh_text), (4 bytes).
    Removing system_stm32f3xx.o(.rrx_text), (6 bytes).
    Removing system_stm32f3xx.o(i.SystemCoreClockUpdate), (164 bytes).

510 unused section(s) (total 45356 bytes) removed from the image.

==============================================================================

Image Symbol Table

    Local Symbols

    Symbol Name                              Value     Ov Type        Size  Object(Section)

    ..//Src/system_stm32f3xx.c               0x00000000   Number         0  system_stm32f3xx.o ABSOLUTE
    ../Drivers/STM32F3xx_HAL_Driver/Src/stm32f3xx_hal.c 0x00000000   Number         0  stm32f3xx_hal.o ABSOLUTE
    ../Drivers/STM32F3xx_HAL_Driver/Src/stm32f3xx_hal_adc.c 0x00000000   Number         0  stm32f3xx_hal_adc.o ABSOLUTE
    ../Drivers/STM32F3xx_HAL_Driver/Src/stm32f3xx_hal_adc_ex.c 0x00000000   Number         0  stm32f3xx_hal_adc_ex.o ABSOLUTE
    ../Drivers/STM32F3xx_HAL_Driver/Src/stm32f3xx_hal_can.c 0x00000000   Number         0  stm32f3xx_hal_can.o ABSOLUTE
    ../Drivers/STM32F3xx_HAL_Driver/Src/stm32f3xx_hal_cortex.c 0x00000000   Number         0  stm32f3xx_hal_cortex.o ABSOLUTE
    ../Drivers/STM32F3xx_HAL_Driver/Src/stm32f3xx_hal_dac.c 0x00000000   Number         0  stm32f3xx_hal_dac.o ABSOLUTE
    ../Drivers/STM32F3xx_HAL_Driver/Src/stm32f3xx_hal_dac_ex.c 0x00000000   Number         0  stm32f3xx_hal_dac_ex.o ABSOLUTE
    ../Drivers/STM32F3xx_HAL_Driver/Src/stm32f3xx_hal_dma.c 0x00000000   Number         0  stm32f3xx_hal_dma.o ABSOLUTE
    ../Drivers/STM32F3xx_HAL_Driver/Src/stm32f3xx_hal_flash.c 0x00000000   Number         0  stm32f3xx_hal_flash.o ABSOLUTE
    ../Drivers/STM32F3xx_HAL_Driver/Src/stm32f3xx_hal_flash_ex.c 0x00000000   Number         0  stm32f3xx_hal_flash_ex.o ABSOLUTE
    ../Drivers/STM32F3xx_HAL_Driver/Src/stm32f3xx_hal_gpio.c 0x00000000   Number         0  stm32f3xx_hal_gpio.o ABSOLUTE
    ../Drivers/STM32F3xx_HAL_Driver/Src/stm32f3xx_hal_i2c.c 0x00000000   Number         0  stm32f3xx_hal_i2c.o ABSOLUTE
    ../Drivers/STM32F3xx_HAL_Driver/Src/stm32f3xx_hal_i2c_ex.c 0x00000000   Number         0  stm32f3xx_hal_i2c_ex.o ABSOLUTE
    ../Drivers/STM32F3xx_HAL_Driver/Src/stm32f3xx_hal_pwr.c 0x00000000   Number         0  stm32f3xx_hal_pwr.o ABSOLUTE
    ../Drivers/STM32F3xx_HAL_Driver/Src/stm32f3xx_hal_pwr_ex.c 0x00000000   Number         0  stm32f3xx_hal_pwr_ex.o ABSOLUTE
    ../Drivers/STM32F3xx_HAL_Driver/Src/stm32f3xx_hal_rcc.c 0x00000000   Number         0  stm32f3xx_hal_rcc.o ABSOLUTE
    ../Drivers/STM32F3xx_HAL_Driver/Src/stm32f3xx_hal_rcc_ex.c 0x00000000   Number         0  stm32f3xx_hal_rcc_ex.o ABSOLUTE
    ../Drivers/STM32F3xx_HAL_Driver/Src/stm32f3xx_hal_tim.c 0x00000000   Number         0  stm32f3xx_hal_tim.o ABSOLUTE
    ../Drivers/STM32F3xx_HAL_Driver/Src/stm32f3xx_hal_tim_ex.c 0x00000000   Number         0  stm32f3xx_hal_tim_ex.o ABSOLUTE
    ../Src/main.c                            0x00000000   Number         0  main.o ABSOLUTE
    ../Src/stm32f3xx_hal_msp.c               0x00000000   Number         0  stm32f3xx_hal_msp.o ABSOLUTE
    ../Src/stm32f3xx_it.c                    0x00000000   Number         0  stm32f3xx_it.o ABSOLUTE
    ../clib/microlib/init/entry.s            0x00000000   Number         0  entry11b.o ABSOLUTE
    ../clib/microlib/init/entry.s            0x00000000   Number         0  entry7b.o ABSOLUTE
    ../clib/microlib/init/entry.s            0x00000000   Number         0  entry10b.o ABSOLUTE
    ../clib/microlib/init/entry.s            0x00000000   Number         0  entry8a.o ABSOLUTE
    ../clib/microlib/init/entry.s            0x00000000   Number         0  entry10a.o ABSOLUTE
    ../clib/microlib/init/entry.s            0x00000000   Number         0  entry11a.o ABSOLUTE
    ../clib/microlib/init/entry.s            0x00000000   Number         0  entry5.o ABSOLUTE
    ../clib/microlib/init/entry.s            0x00000000   Number         0  entry8b.o ABSOLUTE
    ../clib/microlib/init/entry.s            0x00000000   Number         0  entry9b.o ABSOLUTE
    ../clib/microlib/init/entry.s            0x00000000   Number         0  entry9a.o ABSOLUTE
    ../clib/microlib/init/entry.s            0x00000000   Number         0  entry7a.o ABSOLUTE
    ../clib/microlib/init/entry.s            0x00000000   Number         0  entry.o ABSOLUTE
    ../clib/microlib/init/entry.s            0x00000000   Number         0  entry2.o ABSOLUTE
    ../clib/microlib/longlong.c              0x00000000   Number         0  llushr.o ABSOLUTE
    ../clib/microlib/string/memcmp.c         0x00000000   Number         0  memcmp.o ABSOLUTE
    ../clib/microlib/string/memcpy.c         0x00000000   Number         0  memcpya.o ABSOLUTE
    ../clib/microlib/string/memcpy.c         0x00000000   Number         0  memcpyb.o ABSOLUTE
    ../clib/microlib/string/memset.c         0x00000000   Number         0  memseta.o ABSOLUTE
    ..\Drivers\STM32F3xx_HAL_Driver\Src\stm32f3xx_hal.c 0x00000000   Number         0  stm32f3xx_hal.o ABSOLUTE
    ..\Drivers\STM32F3xx_HAL_Driver\Src\stm32f3xx_hal_adc.c 0x00000000   Number         0  stm32f3xx_hal_adc.o ABSOLUTE
    ..\Drivers\STM32F3xx_HAL_Driver\Src\stm32f3xx_hal_adc_ex.c 0x00000000   Number         0  stm32f3xx_hal_adc_ex.o ABSOLUTE
    ..\Drivers\STM32F3xx_HAL_Driver\Src\stm32f3xx_hal_can.c 0x00000000   Number         0  stm32f3xx_hal_can.o ABSOLUTE
    ..\Drivers\STM32F3xx_HAL_Driver\Src\stm32f3xx_hal_cortex.c 0x00000000   Number         0  stm32f3xx_hal_cortex.o ABSOLUTE
    ..\Drivers\STM32F3xx_HAL_Driver\Src\stm32f3xx_hal_dac.c 0x00000000   Number         0  stm32f3xx_hal_dac.o ABSOLUTE
    ..\Drivers\STM32F3xx_HAL_Driver\Src\stm32f3xx_hal_dac_ex.c 0x00000000   Number         0  stm32f3xx_hal_dac_ex.o ABSOLUTE
    ..\Drivers\STM32F3xx_HAL_Driver\Src\stm32f3xx_hal_dma.c 0x00000000   Number         0  stm32f3xx_hal_dma.o ABSOLUTE
    ..\Drivers\STM32F3xx_HAL_Driver\Src\stm32f3xx_hal_flash.c 0x00000000   Number         0  stm32f3xx_hal_flash.o ABSOLUTE
    ..\Drivers\STM32F3xx_HAL_Driver\Src\stm32f3xx_hal_flash_ex.c 0x00000000   Number         0  stm32f3xx_hal_flash_ex.o ABSOLUTE
    ..\Drivers\STM32F3xx_HAL_Driver\Src\stm32f3xx_hal_gpio.c 0x00000000   Number         0  stm32f3xx_hal_gpio.o ABSOLUTE
    ..\Drivers\STM32F3xx_HAL_Driver\Src\stm32f3xx_hal_i2c.c 0x00000000   Number         0  stm32f3xx_hal_i2c.o ABSOLUTE
    ..\Drivers\STM32F3xx_HAL_Driver\Src\stm32f3xx_hal_i2c_ex.c 0x00000000   Number         0  stm32f3xx_hal_i2c_ex.o ABSOLUTE
    ..\Drivers\STM32F3xx_HAL_Driver\Src\stm32f3xx_hal_pwr.c 0x00000000   Number         0  stm32f3xx_hal_pwr.o ABSOLUTE
    ..\Drivers\STM32F3xx_HAL_Driver\Src\stm32f3xx_hal_pwr_ex.c 0x00000000   Number         0  stm32f3xx_hal_pwr_ex.o ABSOLUTE
    ..\Drivers\STM32F3xx_HAL_Driver\Src\stm32f3xx_hal_rcc.c 0x00000000   Number         0  stm32f3xx_hal_rcc.o ABSOLUTE
    ..\Drivers\STM32F3xx_HAL_Driver\Src\stm32f3xx_hal_rcc_ex.c 0x00000000   Number         0  stm32f3xx_hal_rcc_ex.o ABSOLUTE
    ..\Drivers\STM32F3xx_HAL_Driver\Src\stm32f3xx_hal_tim.c 0x00000000   Number         0  stm32f3xx_hal_tim.o ABSOLUTE
    ..\Drivers\STM32F3xx_HAL_Driver\Src\stm32f3xx_hal_tim_ex.c 0x00000000   Number         0  stm32f3xx_hal_tim_ex.o ABSOLUTE
    ..\Src\ADC.c                             0x00000000   Number         0  adc.o ABSOLUTE
    ..\Src\can.c                             0x00000000   Number         0  can.o ABSOLUTE
    ..\Src\can_ECUP.c                        0x00000000   Number         0  can_ecup.o ABSOLUTE
    ..\Src\can_callback.c                    0x00000000   Number         0  can_callback.o ABSOLUTE
    ..\Src\can_eforce_init.c                 0x00000000   Number         0  can_eforce_init.o ABSOLUTE
    ..\Src\flash.c                           0x00000000   Number         0  flash.o ABSOLUTE
    ..\Src\main.c                            0x00000000   Number         0  main.o ABSOLUTE
    ..\Src\ringbuf.c                         0x00000000   Number         0  ringbuf.o ABSOLUTE
    ..\Src\stm32f3xx_hal_msp.c               0x00000000   Number         0  stm32f3xx_hal_msp.o ABSOLUTE
    ..\Src\stm32f3xx_it.c                    0x00000000   Number         0  stm32f3xx_it.o ABSOLUTE
    ..\Src\test_sensors_connection.c         0x00000000   Number         0  test_sensors_connection.o ABSOLUTE
    ..\\Src\\ADC.c                           0x00000000   Number         0  adc.o ABSOLUTE
    ..\\Src\\can_callback.c                  0x00000000   Number         0  can_callback.o ABSOLUTE
    ..\\Src\\can_eforce_init.c               0x00000000   Number         0  can_eforce_init.o ABSOLUTE
    ..\\Src\\flash.c                         0x00000000   Number         0  flash.o ABSOLUTE
    ..\\Src\\test_sensors_connection.c       0x00000000   Number         0  test_sensors_connection.o ABSOLUTE
    ..\\Src\system_stm32f3xx.c               0x00000000   Number         0  system_stm32f3xx.o ABSOLUTE
    dc.s                                     0x00000000   Number         0  dc.o ABSOLUTE
    handlers.s                               0x00000000   Number         0  handlers.o ABSOLUTE
    init.s                                   0x00000000   Number         0  init.o ABSOLUTE
    startup_stm32f303xc.s                    0x00000000   Number         0  startup_stm32f303xc.o ABSOLUTE
    RESET                                    0x08000000   Section      392  startup_stm32f303xc.o(RESET)
    .ARM.Collect$$$$00000000                 0x08000188   Section        0  entry.o(.ARM.Collect$$$$00000000)
    .ARM.Collect$$$$00000001                 0x08000188   Section        4  entry2.o(.ARM.Collect$$$$00000001)
    .ARM.Collect$$$$00000004                 0x0800018c   Section        4  entry5.o(.ARM.Collect$$$$00000004)
    .ARM.Collect$$$$00000008                 0x08000190   Section        0  entry7b.o(.ARM.Collect$$$$00000008)
    .ARM.Collect$$$$0000000A                 0x08000190   Section        0  entry8b.o(.ARM.Collect$$$$0000000A)
    .ARM.Collect$$$$0000000B                 0x08000190   Section        8  entry9a.o(.ARM.Collect$$$$0000000B)
    .ARM.Collect$$$$0000000D                 0x08000198   Section        0  entry10a.o(.ARM.Collect$$$$0000000D)
    .ARM.Collect$$$$0000000F                 0x08000198   Section        0  entry11a.o(.ARM.Collect$$$$0000000F)
    .ARM.Collect$$$$00002712                 0x08000198   Section        4  entry2.o(.ARM.Collect$$$$00002712)
    __lit__00000000                          0x08000198   Data           4  entry2.o(.ARM.Collect$$$$00002712)
    .text                                    0x0800019c   Section       36  startup_stm32f303xc.o(.text)
    $v0                                      0x0800019c   Number         0  startup_stm32f303xc.o(.text)
    .text                                    0x080001c0   Section        0  llushr.o(.text)
    .text                                    0x080001e0   Section        0  memcpya.o(.text)
    .text                                    0x08000204   Section        0  memseta.o(.text)
    .text                                    0x08000228   Section        0  memcmp.o(.text)
    .text                                    0x08000244   Section       36  init.o(.text)
    i.ADC_DMAConvCplt                        0x08000268   Section        0  stm32f3xx_hal_adc_ex.o(i.ADC_DMAConvCplt)
    ADC_DMAConvCplt                          0x08000269   Thumb Code    78  stm32f3xx_hal_adc_ex.o(i.ADC_DMAConvCplt)
    i.ADC_DMAError                           0x080002b6   Section        0  stm32f3xx_hal_adc_ex.o(i.ADC_DMAError)
    ADC_DMAError                             0x080002b7   Thumb Code    30  stm32f3xx_hal_adc_ex.o(i.ADC_DMAError)
    i.ADC_DMAHalfConvCplt                    0x080002d4   Section        0  stm32f3xx_hal_adc_ex.o(i.ADC_DMAHalfConvCplt)
    ADC_DMAHalfConvCplt                      0x080002d5   Thumb Code    14  stm32f3xx_hal_adc_ex.o(i.ADC_DMAHalfConvCplt)
    i.ADC_Disable                            0x080002e2   Section        0  stm32f3xx_hal_adc_ex.o(i.ADC_Disable)
    ADC_Disable                              0x080002e3   Thumb Code   152  stm32f3xx_hal_adc_ex.o(i.ADC_Disable)
    i.ADC_Enable                             0x0800037c   Section        0  stm32f3xx_hal_adc_ex.o(i.ADC_Enable)
    ADC_Enable                               0x0800037d   Thumb Code   140  stm32f3xx_hal_adc_ex.o(i.ADC_Enable)
    i.BLIK_LED                               0x0800040c   Section        0  adc.o(i.BLIK_LED)
    i.BusFault_Handler                       0x0800041c   Section        0  stm32f3xx_it.o(i.BusFault_Handler)
    i.CAN_HandleRX0IRQ                       0x08000420   Section        0  stm32f3xx_it.o(i.CAN_HandleRX0IRQ)
    CAN_HandleRX0IRQ                         0x08000421   Thumb Code    84  stm32f3xx_it.o(i.CAN_HandleRX0IRQ)
    i.CAN_HandleSCEIRQ                       0x08000474   Section        0  stm32f3xx_it.o(i.CAN_HandleSCEIRQ)
    CAN_HandleSCEIRQ                         0x08000475   Thumb Code    10  stm32f3xx_it.o(i.CAN_HandleSCEIRQ)
    i.CAN_RX1_IRQHandler                     0x08000480   Section        0  stm32f3xx_it.o(i.CAN_RX1_IRQHandler)
    i.CAN_Receive_IT                         0x08000490   Section        0  stm32f3xx_hal_can.o(i.CAN_Receive_IT)
    CAN_Receive_IT                           0x08000491   Thumb Code   468  stm32f3xx_hal_can.o(i.CAN_Receive_IT)
    i.CAN_SCE_IRQHandler                     0x08000664   Section        0  stm32f3xx_it.o(i.CAN_SCE_IRQHandler)
    i.CAN_Transmit_IT                        0x0800067c   Section        0  stm32f3xx_hal_can.o(i.CAN_Transmit_IT)
    CAN_Transmit_IT                          0x0800067d   Thumb Code    98  stm32f3xx_hal_can.o(i.CAN_Transmit_IT)
    i.CAN_eforce                             0x080006de   Section        0  can_eforce_init.o(i.CAN_eforce)
    i.Calibrate_pedals                       0x080007f0   Section        0  adc.o(i.Calibrate_pedals)
    i.DMA1_Channel1_IRQHandler               0x08000908   Section        0  stm32f3xx_it.o(i.DMA1_Channel1_IRQHandler)
    i.DMA2_Channel1_IRQHandler               0x08000918   Section        0  stm32f3xx_it.o(i.DMA2_Channel1_IRQHandler)
    i.DMA2_Channel5_IRQHandler               0x08000928   Section        0  stm32f3xx_it.o(i.DMA2_Channel5_IRQHandler)
    i.DMA_CalcBaseAndBitshift                0x08000938   Section        0  stm32f3xx_hal_dma.o(i.DMA_CalcBaseAndBitshift)
    DMA_CalcBaseAndBitshift                  0x08000939   Thumb Code    56  stm32f3xx_hal_dma.o(i.DMA_CalcBaseAndBitshift)
    i.DMA_SetConfig                          0x08000978   Section        0  stm32f3xx_hal_dma.o(i.DMA_SetConfig)
    DMA_SetConfig                            0x08000979   Thumb Code    44  stm32f3xx_hal_dma.o(i.DMA_SetConfig)
    i.DebugMon_Handler                       0x080009a4   Section        0  stm32f3xx_it.o(i.DebugMon_Handler)
    i.ECUP_DiagPos_need_to_send              0x080009a8   Section        0  can_ecup.o(i.ECUP_DiagPos_need_to_send)
    i.ECUP_DiagPressure_need_to_send         0x080009cc   Section        0  can_ecup.o(i.ECUP_DiagPressure_need_to_send)
    i.ECUP_Pedals_need_to_send               0x080009f0   Section        0  can_ecup.o(i.ECUP_Pedals_need_to_send)
    i.ECUP_Pressure_need_to_send             0x08000a14   Section        0  can_ecup.o(i.ECUP_Pressure_need_to_send)
    i.ECUP_Status_need_to_send               0x08000a38   Section        0  can_ecup.o(i.ECUP_Status_need_to_send)
    i.ECUP_decode_REQCalibPedal_s            0x08000a5c   Section        0  can_ecup.o(i.ECUP_decode_REQCalibPedal_s)
    i.ECUP_get_REQCalibPedal                 0x08000a70   Section        0  can_ecup.o(i.ECUP_get_REQCalibPedal)
    i.ECUP_send_DiagPos_s                    0x08000aa4   Section        0  can_ecup.o(i.ECUP_send_DiagPos_s)
    i.ECUP_send_DiagPressure_s               0x08000afc   Section        0  can_ecup.o(i.ECUP_send_DiagPressure_s)
    i.ECUP_send_Pedals_s                     0x08000b38   Section        0  can_ecup.o(i.ECUP_send_Pedals_s)
    i.ECUP_send_Pressure_s                   0x08000b98   Section        0  can_ecup.o(i.ECUP_send_Pressure_s)
    i.ECUP_send_Status_s                     0x08000bec   Section        0  can_ecup.o(i.ECUP_send_Status_s)
    i.EXTI15_10_IRQHandler                   0x08000c54   Section        0  stm32f3xx_it.o(i.EXTI15_10_IRQHandler)
    i.FLASH_MassErase                        0x08000c60   Section        0  stm32f3xx_hal_flash_ex.o(i.FLASH_MassErase)
    FLASH_MassErase                          0x08000c61   Thumb Code    30  stm32f3xx_hal_flash_ex.o(i.FLASH_MassErase)
    i.FLASH_PageErase                        0x08000c88   Section        0  stm32f3xx_hal_flash_ex.o(i.FLASH_PageErase)
    i.FLASH_Program_HalfWord                 0x08000cb0   Section        0  stm32f3xx_hal_flash.o(i.FLASH_Program_HalfWord)
    FLASH_Program_HalfWord                   0x08000cb1   Thumb Code    22  stm32f3xx_hal_flash.o(i.FLASH_Program_HalfWord)
    i.FLASH_SetErrorCode                     0x08000cd0   Section        0  stm32f3xx_hal_flash.o(i.FLASH_SetErrorCode)
    FLASH_SetErrorCode                       0x08000cd1   Thumb Code    64  stm32f3xx_hal_flash.o(i.FLASH_SetErrorCode)
    i.FLASH_WaitForLastOperation             0x08000d18   Section        0  stm32f3xx_hal_flash.o(i.FLASH_WaitForLastOperation)
    i.FlashErasePage                         0x08000d7c   Section        0  flash.o(i.FlashErasePage)
    i.FlashWrite                             0x08000db0   Section        0  flash.o(i.FlashWrite)
    i.HAL_ADCEx_MultiModeConfigChannel       0x08000e00   Section        0  stm32f3xx_hal_adc_ex.o(i.HAL_ADCEx_MultiModeConfigChannel)
    i.HAL_ADC_ConfigChannel                  0x08000f84   Section        0  stm32f3xx_hal_adc_ex.o(i.HAL_ADC_ConfigChannel)
    i.HAL_ADC_ConvCpltCallback               0x080013ec   Section        0  adc.o(i.HAL_ADC_ConvCpltCallback)
    i.HAL_ADC_ConvHalfCpltCallback           0x08001420   Section        0  stm32f3xx_hal_adc.o(i.HAL_ADC_ConvHalfCpltCallback)
    i.HAL_ADC_ErrorCallback                  0x08001422   Section        0  stm32f3xx_hal_adc.o(i.HAL_ADC_ErrorCallback)
    i.HAL_ADC_Init                           0x08001424   Section        0  stm32f3xx_hal_adc_ex.o(i.HAL_ADC_Init)
    i.HAL_ADC_MspInit                        0x080016fc   Section        0  stm32f3xx_hal_msp.o(i.HAL_ADC_MspInit)
    i.HAL_ADC_Start_DMA                      0x080018d0   Section        0  stm32f3xx_hal_adc_ex.o(i.HAL_ADC_Start_DMA)
    i.HAL_CAN_ConfigFilter                   0x08001a84   Section        0  stm32f3xx_hal_can.o(i.HAL_CAN_ConfigFilter)
    i.HAL_CAN_ErrorCallback                  0x08001b9e   Section        0  stm32f3xx_hal_can.o(i.HAL_CAN_ErrorCallback)
    i.HAL_CAN_IRQHandler                     0x08001ba0   Section        0  stm32f3xx_hal_can.o(i.HAL_CAN_IRQHandler)
    i.HAL_CAN_Init                           0x08001dd8   Section        0  stm32f3xx_hal_can.o(i.HAL_CAN_Init)
    i.HAL_CAN_MspInit                        0x08001f94   Section        0  stm32f3xx_hal_msp.o(i.HAL_CAN_MspInit)
    i.HAL_CAN_Receive                        0x0800201c   Section        0  stm32f3xx_hal_can.o(i.HAL_CAN_Receive)
    i.HAL_CAN_Receive_IT                     0x080022f2   Section        0  stm32f3xx_hal_can.o(i.HAL_CAN_Receive_IT)
    i.HAL_CAN_RxCpltCallback                 0x08002410   Section        0  stm32f3xx_hal_can.o(i.HAL_CAN_RxCpltCallback)
    i.HAL_CAN_Transmit                       0x08002414   Section        0  stm32f3xx_hal_can.o(i.HAL_CAN_Transmit)
    i.HAL_CAN_TxCpltCallback                 0x080026dc   Section        0  stm32f3xx_hal_can.o(i.HAL_CAN_TxCpltCallback)
    i.HAL_DAC_ConfigChannel                  0x080026de   Section        0  stm32f3xx_hal_dac_ex.o(i.HAL_DAC_ConfigChannel)
    i.HAL_DAC_Init                           0x08002738   Section        0  stm32f3xx_hal_dac.o(i.HAL_DAC_Init)
    i.HAL_DAC_MspInit                        0x08002760   Section        0  stm32f3xx_hal_msp.o(i.HAL_DAC_MspInit)
    i.HAL_DMA_IRQHandler                     0x080027ac   Section        0  stm32f3xx_hal_dma.o(i.HAL_DMA_IRQHandler)
    i.HAL_DMA_Init                           0x08002892   Section        0  stm32f3xx_hal_dma.o(i.HAL_DMA_Init)
    i.HAL_DMA_Start_IT                       0x080028f0   Section        0  stm32f3xx_hal_dma.o(i.HAL_DMA_Start_IT)
    i.HAL_FLASHEx_Erase                      0x0800298c   Section        0  stm32f3xx_hal_flash_ex.o(i.HAL_FLASHEx_Erase)
    i.HAL_FLASH_Lock                         0x08002a3c   Section        0  stm32f3xx_hal_flash.o(i.HAL_FLASH_Lock)
    i.HAL_FLASH_Program                      0x08002a50   Section        0  stm32f3xx_hal_flash.o(i.HAL_FLASH_Program)
    i.HAL_FLASH_Unlock                       0x08002b00   Section        0  stm32f3xx_hal_flash.o(i.HAL_FLASH_Unlock)
    i.HAL_GPIO_EXTI_Callback                 0x08002b30   Section        0  stm32f3xx_hal_gpio.o(i.HAL_GPIO_EXTI_Callback)
    i.HAL_GPIO_EXTI_IRQHandler               0x08002b34   Section        0  stm32f3xx_hal_gpio.o(i.HAL_GPIO_EXTI_IRQHandler)
    i.HAL_GPIO_Init                          0x08002b50   Section        0  stm32f3xx_hal_gpio.o(i.HAL_GPIO_Init)
    i.HAL_GPIO_ReadPin                       0x08002d1c   Section        0  stm32f3xx_hal_gpio.o(i.HAL_GPIO_ReadPin)
    i.HAL_GPIO_TogglePin                     0x08002d2c   Section        0  stm32f3xx_hal_gpio.o(i.HAL_GPIO_TogglePin)
    i.HAL_GPIO_WritePin                      0x08002d34   Section        0  stm32f3xx_hal_gpio.o(i.HAL_GPIO_WritePin)
    i.HAL_GetTick                            0x08002d40   Section        0  stm32f3xx_hal.o(i.HAL_GetTick)
    i.HAL_IncTick                            0x08002d4c   Section        0  stm32f3xx_hal.o(i.HAL_IncTick)
    i.HAL_Init                               0x08002d64   Section        0  stm32f3xx_hal.o(i.HAL_Init)
    i.HAL_InitTick                           0x08002d8c   Section        0  stm32f3xx_hal.o(i.HAL_InitTick)
    i.HAL_MspInit                            0x08002dd8   Section        0  stm32f3xx_hal_msp.o(i.HAL_MspInit)
    i.HAL_NVIC_EnableIRQ                     0x08002e68   Section        0  stm32f3xx_hal_cortex.o(i.HAL_NVIC_EnableIRQ)
    i.HAL_NVIC_SetPriority                   0x08002e82   Section        0  stm32f3xx_hal_cortex.o(i.HAL_NVIC_SetPriority)
    i.HAL_NVIC_SetPriorityGrouping           0x08002f00   Section        0  stm32f3xx_hal_cortex.o(i.HAL_NVIC_SetPriorityGrouping)
    i.HAL_RCCEx_PeriphCLKConfig              0x08002f28   Section        0  stm32f3xx_hal_rcc_ex.o(i.HAL_RCCEx_PeriphCLKConfig)
    i.HAL_RCC_ClockConfig                    0x08003210   Section        0  stm32f3xx_hal_rcc.o(i.HAL_RCC_ClockConfig)
    i.HAL_RCC_GetHCLKFreq                    0x080034fc   Section        0  stm32f3xx_hal_rcc.o(i.HAL_RCC_GetHCLKFreq)
    i.HAL_RCC_GetSysClockFreq                0x08003508   Section        0  stm32f3xx_hal_rcc.o(i.HAL_RCC_GetSysClockFreq)
    i.HAL_RCC_OscConfig                      0x08003598   Section        0  stm32f3xx_hal_rcc.o(i.HAL_RCC_OscConfig)
    i.HAL_SYSTICK_CLKSourceConfig            0x08003f98   Section        0  stm32f3xx_hal_cortex.o(i.HAL_SYSTICK_CLKSourceConfig)
    i.HAL_SYSTICK_Callback                   0x08003fc0   Section        0  stm32f3xx_hal_cortex.o(i.HAL_SYSTICK_Callback)
    i.HAL_SYSTICK_Config                     0x08003fc2   Section        0  stm32f3xx_hal_cortex.o(i.HAL_SYSTICK_Config)
    i.HAL_SYSTICK_IRQHandler                 0x08003ff6   Section        0  stm32f3xx_hal_cortex.o(i.HAL_SYSTICK_IRQHandler)
    i.HAL_TIMEx_MasterConfigSynchronization  0x08004000   Section        0  stm32f3xx_hal_tim_ex.o(i.HAL_TIMEx_MasterConfigSynchronization)
    i.HAL_TIM_Base_Init                      0x0800406c   Section        0  stm32f3xx_hal_tim.o(i.HAL_TIM_Base_Init)
    i.HAL_TIM_Base_MspInit                   0x080040a0   Section        0  stm32f3xx_hal_msp.o(i.HAL_TIM_Base_MspInit)
    i.HAL_TIM_ConfigClockSource              0x0800418c   Section        0  stm32f3xx_hal_tim.o(i.HAL_TIM_ConfigClockSource)
    i.HAL_TIM_IC_ConfigChannel               0x080042c4   Section        0  stm32f3xx_hal_tim.o(i.HAL_TIM_IC_ConfigChannel)
    i.HAL_TIM_IC_Init                        0x080043a4   Section        0  stm32f3xx_hal_tim.o(i.HAL_TIM_IC_Init)
    i.HAL_TIM_IC_MspInit                     0x080043d8   Section        0  stm32f3xx_hal_tim.o(i.HAL_TIM_IC_MspInit)
    i.HAL_TIM_SlaveConfigSynchronization     0x080043da   Section        0  stm32f3xx_hal_tim.o(i.HAL_TIM_SlaveConfigSynchronization)
    i.HardFault_Handler                      0x08004430   Section        0  stm32f3xx_it.o(i.HardFault_Handler)
    i.MX_ADC1_Init                           0x08004434   Section        0  main.o(i.MX_ADC1_Init)
    MX_ADC1_Init                             0x08004435   Thumb Code   278  main.o(i.MX_ADC1_Init)
    i.MX_ADC2_Init                           0x08004560   Section        0  main.o(i.MX_ADC2_Init)
    MX_ADC2_Init                             0x08004561   Thumb Code   148  main.o(i.MX_ADC2_Init)
    i.MX_ADC3_Init                           0x0800460c   Section        0  main.o(i.MX_ADC3_Init)
    MX_ADC3_Init                             0x0800460d   Thumb Code   170  main.o(i.MX_ADC3_Init)
    i.MX_CAN_Init                            0x080046d0   Section        0  main.o(i.MX_CAN_Init)
    MX_CAN_Init                              0x080046d1   Thumb Code    64  main.o(i.MX_CAN_Init)
    i.MX_DAC_Init                            0x08004728   Section        0  main.o(i.MX_DAC_Init)
    MX_DAC_Init                              0x08004729   Thumb Code    56  main.o(i.MX_DAC_Init)
    i.MX_DMA_Init                            0x08004778   Section        0  main.o(i.MX_DMA_Init)
    MX_DMA_Init                              0x08004779   Thumb Code   106  main.o(i.MX_DMA_Init)
    i.MX_GPIO_Init                           0x080047e8   Section        0  main.o(i.MX_GPIO_Init)
    MX_GPIO_Init                             0x080047e9   Thumb Code   250  main.o(i.MX_GPIO_Init)
    i.MX_TIM15_Init                          0x080048f4   Section        0  main.o(i.MX_TIM15_Init)
    MX_TIM15_Init                            0x080048f5   Thumb Code   214  main.o(i.MX_TIM15_Init)
    i.MX_TIM16_Init                          0x080049e4   Section        0  main.o(i.MX_TIM16_Init)
    MX_TIM16_Init                            0x080049e5   Thumb Code    50  main.o(i.MX_TIM16_Init)
    i.MX_TIM1_Init                           0x08004a30   Section        0  main.o(i.MX_TIM1_Init)
    MX_TIM1_Init                             0x08004a31   Thumb Code   212  main.o(i.MX_TIM1_Init)
    i.MX_TIM2_Init                           0x08004b1c   Section        0  main.o(i.MX_TIM2_Init)
    MX_TIM2_Init                             0x08004b1d   Thumb Code   100  main.o(i.MX_TIM2_Init)
    i.MemManage_Handler                      0x08004b94   Section        0  stm32f3xx_it.o(i.MemManage_Handler)
    i.NMI_Handler                            0x08004b98   Section        0  stm32f3xx_it.o(i.NMI_Handler)
    i.NVIC_GetPriorityGrouping               0x08004b9c   Section        0  stm32f3xx_hal_cortex.o(i.NVIC_GetPriorityGrouping)
    NVIC_GetPriorityGrouping                 0x08004b9d   Thumb Code    10  stm32f3xx_hal_cortex.o(i.NVIC_GetPriorityGrouping)
    i.NVIC_SetPriority                       0x08004bac   Section        0  stm32f3xx_hal_cortex.o(i.NVIC_SetPriority)
    NVIC_SetPriority                         0x08004bad   Thumb Code    32  stm32f3xx_hal_cortex.o(i.NVIC_SetPriority)
    i.Pedals_process                         0x08004bd4   Section        0  adc.o(i.Pedals_process)
    i.PendSV_Handler                         0x08004c40   Section        0  stm32f3xx_it.o(i.PendSV_Handler)
    i.SVC_Handler                            0x08004c42   Section        0  stm32f3xx_it.o(i.SVC_Handler)
    i.SendCANMessage                         0x08004c44   Section        0  can_callback.o(i.SendCANMessage)
    SendCANMessage                           0x08004c45   Thumb Code    68  can_callback.o(i.SendCANMessage)
    i.Send_can_messagess                     0x08004c8c   Section        0  adc.o(i.Send_can_messagess)
    i.SysTick_Handler                        0x08004d14   Section        0  stm32f3xx_it.o(i.SysTick_Handler)
    i.SystemClock_Config                     0x08004d20   Section        0  main.o(i.SystemClock_Config)
    i.SystemInit                             0x08004dd4   Section        0  system_stm32f3xx.o(i.SystemInit)
    i.TIM_Base_SetConfig                     0x08004e50   Section        0  stm32f3xx_hal_tim.o(i.TIM_Base_SetConfig)
    i.TIM_ETR_SetConfig                      0x08004f0c   Section        0  stm32f3xx_hal_tim.o(i.TIM_ETR_SetConfig)
    i.TIM_ITRx_SetConfig                     0x08004f24   Section        0  stm32f3xx_hal_tim.o(i.TIM_ITRx_SetConfig)
    TIM_ITRx_SetConfig                       0x08004f25   Thumb Code    20  stm32f3xx_hal_tim.o(i.TIM_ITRx_SetConfig)
    i.TIM_SlaveTimer_SetConfig               0x08004f38   Section        0  stm32f3xx_hal_tim.o(i.TIM_SlaveTimer_SetConfig)
    TIM_SlaveTimer_SetConfig                 0x08004f39   Thumb Code   164  stm32f3xx_hal_tim.o(i.TIM_SlaveTimer_SetConfig)
    i.TIM_TI1_ConfigInputStage               0x08004fe0   Section        0  stm32f3xx_hal_tim.o(i.TIM_TI1_ConfigInputStage)
    TIM_TI1_ConfigInputStage                 0x08004fe1   Thumb Code    42  stm32f3xx_hal_tim.o(i.TIM_TI1_ConfigInputStage)
    i.TIM_TI1_SetConfig                      0x0800500c   Section        0  stm32f3xx_hal_tim.o(i.TIM_TI1_SetConfig)
    i.TIM_TI2_ConfigInputStage               0x0800508c   Section        0  stm32f3xx_hal_tim.o(i.TIM_TI2_ConfigInputStage)
    TIM_TI2_ConfigInputStage                 0x0800508d   Thumb Code    44  stm32f3xx_hal_tim.o(i.TIM_TI2_ConfigInputStage)
    i.TIM_TI2_SetConfig                      0x080050b8   Section        0  stm32f3xx_hal_tim.o(i.TIM_TI2_SetConfig)
    TIM_TI2_SetConfig                        0x080050b9   Thumb Code    62  stm32f3xx_hal_tim.o(i.TIM_TI2_SetConfig)
    i.TIM_TI3_SetConfig                      0x080050f6   Section        0  stm32f3xx_hal_tim.o(i.TIM_TI3_SetConfig)
    TIM_TI3_SetConfig                        0x080050f7   Thumb Code    60  stm32f3xx_hal_tim.o(i.TIM_TI3_SetConfig)
    i.TIM_TI4_SetConfig                      0x08005132   Section        0  stm32f3xx_hal_tim.o(i.TIM_TI4_SetConfig)
    TIM_TI4_SetConfig                        0x08005133   Thumb Code    64  stm32f3xx_hal_tim.o(i.TIM_TI4_SetConfig)
    i.USB_HP_CAN_TX_IRQHandler               0x08005174   Section        0  stm32f3xx_it.o(i.USB_HP_CAN_TX_IRQHandler)
    i.USB_LP_CAN_RX0_IRQHandler              0x08005184   Section        0  stm32f3xx_it.o(i.USB_LP_CAN_RX0_IRQHandler)
    i.UsageFault_Handler                     0x08005194   Section        0  stm32f3xx_it.o(i.UsageFault_Handler)
    i._Error_Handler                         0x08005198   Section        0  main.o(i._Error_Handler)
    i.__scatterload_copy                     0x0800519c   Section       14  handlers.o(i.__scatterload_copy)
    i.__scatterload_null                     0x080051aa   Section        2  handlers.o(i.__scatterload_null)
    i.__scatterload_zeroinit                 0x080051ac   Section       14  handlers.o(i.__scatterload_zeroinit)
    i.apply_calibration                      0x080051ba   Section        0  adc.o(i.apply_calibration)
    apply_calibration                        0x080051bb   Thumb Code    38  adc.o(i.apply_calibration)
    i.brake_pressure_raw_to_kPa              0x080051e0   Section        0  adc.o(i.brake_pressure_raw_to_kPa)
    brake_pressure_raw_to_kPa                0x080051e1   Thumb Code    90  adc.o(i.brake_pressure_raw_to_kPa)
    i.calib_init                             0x0800523c   Section        0  adc.o(i.calib_init)
    i.canInitMsgStatus                       0x080052c0   Section        0  can.o(i.canInitMsgStatus)
    i.canUpdateMsgStatusOnReceive            0x080052d0   Section        0  can.o(i.canUpdateMsgStatusOnReceive)
    i.candbHandleMessage                     0x080052ec   Section        0  can_ecup.o(i.candbHandleMessage)
    i.candbInit                              0x08005334   Section        0  can_ecup.o(i.candbInit)
    i.load_flash                             0x08005374   Section        0  flash.o(i.load_flash)
    i.main                                   0x0800538c   Section        0  main.o(i.main)
    i.ringbufCanWrite                        0x08005428   Section        0  ringbuf.o(i.ringbufCanWrite)
    i.ringbufTryRead                         0x08005454   Section        0  ringbuf.o(i.ringbufTryRead)
    i.ringbufWriteUnchecked                  0x08005482   Section        0  ringbuf.o(i.ringbufWriteUnchecked)
    i.set_flag                               0x080054a8   Section        0  can.o(i.set_flag)
    set_flag                                 0x080054a9   Thumb Code    12  can.o(i.set_flag)
    i.start_ADC                              0x080054b8   Section        0  adc.o(i.start_ADC)
    i.txGetTimeMillis                        0x08005504   Section        0  can_callback.o(i.txGetTimeMillis)
    i.txHandleCANMessage                     0x0800550c   Section        0  can_callback.o(i.txHandleCANMessage)
    i.txInit                                 0x08005514   Section        0  can.o(i.txInit)
    i.txProcess                              0x0800553c   Section        0  can.o(i.txProcess)
    i.txReceiveCANMessage                    0x080055b0   Section        0  can.o(i.txReceiveCANMessage)
    i.txSendCANMessage                       0x08005604   Section        0  can_callback.o(i.txSendCANMessage)
    i.update_pedal_measurements              0x08005620   Section        0  adc.o(i.update_pedal_measurements)
    update_pedal_measurements                0x08005621   Thumb Code   438  adc.o(i.update_pedal_measurements)
    i.update_voltage_measurements            0x08005818   Section        0  adc.o(i.update_voltage_measurements)
    update_voltage_measurements              0x08005819   Thumb Code    38  adc.o(i.update_voltage_measurements)
    i.write_flash                            0x08005848   Section        0  flash.o(i.write_flash)
    .constdata                               0x08005868   Section       32  stm32f3xx_hal_rcc.o(.constdata)
    .constdata                               0x08005888   Section       24  system_stm32f3xx.o(.constdata)
    .data                                    0x20000000   Section      132  adc.o(.data)
    sens_ACC1                                0x20000008   Data           4  adc.o(.data)
    sens_ACC1_valid                          0x2000000c   Data           4  adc.o(.data)
    ACC1_raw                                 0x20000010   Data           4  adc.o(.data)
    sens_ACC2                                0x20000014   Data           4  adc.o(.data)
    sens_ACC2_valid                          0x20000018   Data           4  adc.o(.data)
    ACC2_raw                                 0x2000001c   Data           4  adc.o(.data)
    ATPS_countdown                           0x20000028   Data           8  adc.o(.data)
    break_press                              0x20000030   Data           8  adc.o(.data)
    APPS_DEADTIME                            0x20000038   Data           4  adc.o(.data)
    reakup                                   0x2000003c   Data           4  adc.o(.data)
    i                                        0x20000040   Data           2  adc.o(.data)
    max_acc_pedal                            0x20000042   Data           4  adc.o(.data)
    min_acc_pedal                            0x20000046   Data           4  adc.o(.data)
    max_breake_pedal                         0x2000004a   Data           4  adc.o(.data)
    min_breake_pedal                         0x2000004e   Data           4  adc.o(.data)
    calib_offset                             0x20000052   Data           2  adc.o(.data)
    ECUP_stat                                0x20000054   Data           6  adc.o(.data)
    ECUP_ACC                                 0x2000005a   Data           8  adc.o(.data)
    ECUP_BREAKE                              0x20000062   Data           6  adc.o(.data)
    ECUPdiag2                                0x20000068   Data           4  adc.o(.data)
    ECUPdiag1                                0x2000006c   Data           8  adc.o(.data)
    ECUP_CALIB                               0x20000074   Data           1  adc.o(.data)
    send                                     0x20000078   Data           4  adc.o(.data)
    pressure_F_kPa                           0x2000007c   Data           4  adc.o(.data)
    pressure_R_kPa                           0x20000080   Data           4  adc.o(.data)
    .data                                    0x20000084   Section        4  can.o(.data)
    flags                                    0x20000084   Data           4  can.o(.data)
    .data                                    0x20000088   Section       24  can_ecup.o(.data)
    .data                                    0x200000a0   Section        4  flash.o(.data)
    .data                                    0x200000a4   Section        4  stm32f3xx_hal_msp.o(.data)
    HAL_RCC_ADC12_CLK_ENABLED                0x200000a4   Data           4  stm32f3xx_hal_msp.o(.data)
    .data                                    0x200000a8   Section        9  stm32f3xx_hal.o(.data)
    .data                                    0x200000b4   Section        4  system_stm32f3xx.o(.data)
    .bss                                     0x200000b8   Section       36  adc.o(.bss)
    calibrate                                0x200000c4   Data          24  adc.o(.bss)
    .bss                                     0x200000dc   Section      272  can.o(.bss)
    recv_buf                                 0x200000dc   Data         256  can.o(.bss)
    recv_rb                                  0x200001dc   Data          16  can.o(.bss)
    .bss                                     0x200001ec   Section       28  can_callback.o(.bss)
    .bss                                     0x20000208   Section       16  can_ecup.o(.bss)
    .bss                                     0x20000218   Section      836  main.o(.bss)
    .bss                                     0x20000560   Section       32  stm32f3xx_hal_flash.o(.bss)
    STACK                                    0x20000580   Section     1024  startup_stm32f303xc.o(STACK)

    Global Symbols

    Symbol Name                              Value     Ov Type        Size  Object(Section)

    BuildAttributes$$THM_ISAv4$E$P$D$K$B$S$7EM$VFPi3$EXTD16$VFPS$VFMA$PE$A:L22UL41UL21$X:L11$S22US41US21$IEEE1$IW$USESV6$~STKCKD$USESV7$~SHL$OSPACE$EBA8$MICROLIB$REQ8$PRES8$EABIv2 0x00000000   Number         0  anon$$obj.o ABSOLUTE
    __ARM_use_no_argv                        0x00000000   Number         0  main.o ABSOLUTE
    __cpp_initialize__aeabi_                  - Undefined Weak Reference
    __cxa_finalize                            - Undefined Weak Reference
    __decompress                              - Undefined Weak Reference
    _clock_init                               - Undefined Weak Reference
    _microlib_exit                            - Undefined Weak Reference
    __Vectors_Size                           0x00000188   Number         0  startup_stm32f303xc.o ABSOLUTE
    __Vectors                                0x08000000   Data           4  startup_stm32f303xc.o(RESET)
    __Vectors_End                            0x08000188   Data           0  startup_stm32f303xc.o(RESET)
    __main                                   0x08000189   Thumb Code     0  entry.o(.ARM.Collect$$$$00000000)
    _main_stk                                0x08000189   Thumb Code     0  entry2.o(.ARM.Collect$$$$00000001)
    _main_scatterload                        0x0800018d   Thumb Code     0  entry5.o(.ARM.Collect$$$$00000004)
    __main_after_scatterload                 0x08000191   Thumb Code     0  entry5.o(.ARM.Collect$$$$00000004)
    _main_clock                              0x08000191   Thumb Code     0  entry7b.o(.ARM.Collect$$$$00000008)
    _main_cpp_init                           0x08000191   Thumb Code     0  entry8b.o(.ARM.Collect$$$$0000000A)
    _main_init                               0x08000191   Thumb Code     0  entry9a.o(.ARM.Collect$$$$0000000B)
    __rt_final_cpp                           0x08000199   Thumb Code     0  entry10a.o(.ARM.Collect$$$$0000000D)
    __rt_final_exit                          0x08000199   Thumb Code     0  entry11a.o(.ARM.Collect$$$$0000000F)
    Reset_Handler                            0x0800019d   Thumb Code     8  startup_stm32f303xc.o(.text)
    ADC1_2_IRQHandler                        0x080001b7   Thumb Code     0  startup_stm32f303xc.o(.text)
    ADC3_IRQHandler                          0x080001b7   Thumb Code     0  startup_stm32f303xc.o(.text)
    ADC4_IRQHandler                          0x080001b7   Thumb Code     0  startup_stm32f303xc.o(.text)
    COMP1_2_3_IRQHandler                     0x080001b7   Thumb Code     0  startup_stm32f303xc.o(.text)
    COMP4_5_6_IRQHandler                     0x080001b7   Thumb Code     0  startup_stm32f303xc.o(.text)
    COMP7_IRQHandler                         0x080001b7   Thumb Code     0  startup_stm32f303xc.o(.text)
    DMA1_Channel2_IRQHandler                 0x080001b7   Thumb Code     0  startup_stm32f303xc.o(.text)
    DMA1_Channel3_IRQHandler                 0x080001b7   Thumb Code     0  startup_stm32f303xc.o(.text)
    DMA1_Channel4_IRQHandler                 0x080001b7   Thumb Code     0  startup_stm32f303xc.o(.text)
    DMA1_Channel5_IRQHandler                 0x080001b7   Thumb Code     0  startup_stm32f303xc.o(.text)
    DMA1_Channel6_IRQHandler                 0x080001b7   Thumb Code     0  startup_stm32f303xc.o(.text)
    DMA1_Channel7_IRQHandler                 0x080001b7   Thumb Code     0  startup_stm32f303xc.o(.text)
    DMA2_Channel2_IRQHandler                 0x080001b7   Thumb Code     0  startup_stm32f303xc.o(.text)
    DMA2_Channel3_IRQHandler                 0x080001b7   Thumb Code     0  startup_stm32f303xc.o(.text)
    DMA2_Channel4_IRQHandler                 0x080001b7   Thumb Code     0  startup_stm32f303xc.o(.text)
    EXTI0_IRQHandler                         0x080001b7   Thumb Code     0  startup_stm32f303xc.o(.text)
    EXTI1_IRQHandler                         0x080001b7   Thumb Code     0  startup_stm32f303xc.o(.text)
    EXTI2_TSC_IRQHandler                     0x080001b7   Thumb Code     0  startup_stm32f303xc.o(.text)
    EXTI3_IRQHandler                         0x080001b7   Thumb Code     0  startup_stm32f303xc.o(.text)
    EXTI4_IRQHandler                         0x080001b7   Thumb Code     0  startup_stm32f303xc.o(.text)
    EXTI9_5_IRQHandler                       0x080001b7   Thumb Code     0  startup_stm32f303xc.o(.text)
    FLASH_IRQHandler                         0x080001b7   Thumb Code     0  startup_stm32f303xc.o(.text)
    FPU_IRQHandler                           0x080001b7   Thumb Code     0  startup_stm32f303xc.o(.text)
    I2C1_ER_IRQHandler                       0x080001b7   Thumb Code     0  startup_stm32f303xc.o(.text)
    I2C1_EV_IRQHandler                       0x080001b7   Thumb Code     0  startup_stm32f303xc.o(.text)
    I2C2_ER_IRQHandler                       0x080001b7   Thumb Code     0  startup_stm32f303xc.o(.text)
    I2C2_EV_IRQHandler                       0x080001b7   Thumb Code     0  startup_stm32f303xc.o(.text)
    PVD_IRQHandler                           0x080001b7   Thumb Code     0  startup_stm32f303xc.o(.text)
    RCC_IRQHandler                           0x080001b7   Thumb Code     0  startup_stm32f303xc.o(.text)
    RTC_Alarm_IRQHandler                     0x080001b7   Thumb Code     0  startup_stm32f303xc.o(.text)
    RTC_WKUP_IRQHandler                      0x080001b7   Thumb Code     0  startup_stm32f303xc.o(.text)
    SPI1_IRQHandler                          0x080001b7   Thumb Code     0  startup_stm32f303xc.o(.text)
    SPI2_IRQHandler                          0x080001b7   Thumb Code     0  startup_stm32f303xc.o(.text)
    SPI3_IRQHandler                          0x080001b7   Thumb Code     0  startup_stm32f303xc.o(.text)
    TAMP_STAMP_IRQHandler                    0x080001b7   Thumb Code     0  startup_stm32f303xc.o(.text)
    TIM1_BRK_TIM15_IRQHandler                0x080001b7   Thumb Code     0  startup_stm32f303xc.o(.text)
    TIM1_CC_IRQHandler                       0x080001b7   Thumb Code     0  startup_stm32f303xc.o(.text)
    TIM1_TRG_COM_TIM17_IRQHandler            0x080001b7   Thumb Code     0  startup_stm32f303xc.o(.text)
    TIM1_UP_TIM16_IRQHandler                 0x080001b7   Thumb Code     0  startup_stm32f303xc.o(.text)
    TIM2_IRQHandler                          0x080001b7   Thumb Code     0  startup_stm32f303xc.o(.text)
    TIM3_IRQHandler                          0x080001b7   Thumb Code     0  startup_stm32f303xc.o(.text)
    TIM4_IRQHandler                          0x080001b7   Thumb Code     0  startup_stm32f303xc.o(.text)
    TIM6_DAC_IRQHandler                      0x080001b7   Thumb Code     0  startup_stm32f303xc.o(.text)
    TIM7_IRQHandler                          0x080001b7   Thumb Code     0  startup_stm32f303xc.o(.text)
    TIM8_BRK_IRQHandler                      0x080001b7   Thumb Code     0  startup_stm32f303xc.o(.text)
    TIM8_CC_IRQHandler                       0x080001b7   Thumb Code     0  startup_stm32f303xc.o(.text)
    TIM8_TRG_COM_IRQHandler                  0x080001b7   Thumb Code     0  startup_stm32f303xc.o(.text)
    TIM8_UP_IRQHandler                       0x080001b7   Thumb Code     0  startup_stm32f303xc.o(.text)
    UART4_IRQHandler                         0x080001b7   Thumb Code     0  startup_stm32f303xc.o(.text)
    UART5_IRQHandler                         0x080001b7   Thumb Code     0  startup_stm32f303xc.o(.text)
    USART1_IRQHandler                        0x080001b7   Thumb Code     0  startup_stm32f303xc.o(.text)
    USART2_IRQHandler                        0x080001b7   Thumb Code     0  startup_stm32f303xc.o(.text)
    USART3_IRQHandler                        0x080001b7   Thumb Code     0  startup_stm32f303xc.o(.text)
    USBWakeUp_IRQHandler                     0x080001b7   Thumb Code     0  startup_stm32f303xc.o(.text)
    USBWakeUp_RMP_IRQHandler                 0x080001b7   Thumb Code     0  startup_stm32f303xc.o(.text)
    USB_HP_IRQHandler                        0x080001b7   Thumb Code     0  startup_stm32f303xc.o(.text)
    USB_LP_IRQHandler                        0x080001b7   Thumb Code     0  startup_stm32f303xc.o(.text)
    WWDG_IRQHandler                          0x080001b7   Thumb Code     0  startup_stm32f303xc.o(.text)
    __aeabi_llsr                             0x080001c1   Thumb Code    32  llushr.o(.text)
    _ll_ushift_r                             0x080001c1   Thumb Code     0  llushr.o(.text)
    __aeabi_memcpy                           0x080001e1   Thumb Code    36  memcpya.o(.text)
    __aeabi_memcpy4                          0x080001e1   Thumb Code     0  memcpya.o(.text)
    __aeabi_memcpy8                          0x080001e1   Thumb Code     0  memcpya.o(.text)
    __aeabi_memset                           0x08000205   Thumb Code    14  memseta.o(.text)
    __aeabi_memset4                          0x08000205   Thumb Code     0  memseta.o(.text)
    __aeabi_memset8                          0x08000205   Thumb Code     0  memseta.o(.text)
    __aeabi_memclr                           0x08000213   Thumb Code     4  memseta.o(.text)
    __aeabi_memclr4                          0x08000213   Thumb Code     0  memseta.o(.text)
    __aeabi_memclr8                          0x08000213   Thumb Code     0  memseta.o(.text)
    _memset$wrapper                          0x08000217   Thumb Code    18  memseta.o(.text)
    memcmp                                   0x08000229   Thumb Code    26  memcmp.o(.text)
    __scatterload                            0x08000245   Thumb Code    28  init.o(.text)
    __scatterload_rt2                        0x08000245   Thumb Code     0  init.o(.text)
    BLIK_LED                                 0x0800040d   Thumb Code    16  adc.o(i.BLIK_LED)
    BusFault_Handler                         0x0800041d   Thumb Code     4  stm32f3xx_it.o(i.BusFault_Handler)
    CAN_RX1_IRQHandler                       0x08000481   Thumb Code    10  stm32f3xx_it.o(i.CAN_RX1_IRQHandler)
    CAN_SCE_IRQHandler                       0x08000665   Thumb Code    16  stm32f3xx_it.o(i.CAN_SCE_IRQHandler)
    CAN_eforce                               0x080006df   Thumb Code   272  can_eforce_init.o(i.CAN_eforce)
    Calibrate_pedals                         0x080007f1   Thumb Code   242  adc.o(i.Calibrate_pedals)
    DMA1_Channel1_IRQHandler                 0x08000909   Thumb Code    10  stm32f3xx_it.o(i.DMA1_Channel1_IRQHandler)
    DMA2_Channel1_IRQHandler                 0x08000919   Thumb Code    10  stm32f3xx_it.o(i.DMA2_Channel1_IRQHandler)
    DMA2_Channel5_IRQHandler                 0x08000929   Thumb Code    10  stm32f3xx_it.o(i.DMA2_Channel5_IRQHandler)
    DebugMon_Handler                         0x080009a5   Thumb Code     2  stm32f3xx_it.o(i.DebugMon_Handler)
    ECUP_DiagPos_need_to_send                0x080009a9   Thumb Code    32  can_ecup.o(i.ECUP_DiagPos_need_to_send)
    ECUP_DiagPressure_need_to_send           0x080009cd   Thumb Code    32  can_ecup.o(i.ECUP_DiagPressure_need_to_send)
    ECUP_Pedals_need_to_send                 0x080009f1   Thumb Code    32  can_ecup.o(i.ECUP_Pedals_need_to_send)
    ECUP_Pressure_need_to_send               0x08000a15   Thumb Code    32  can_ecup.o(i.ECUP_Pressure_need_to_send)
    ECUP_Status_need_to_send                 0x08000a39   Thumb Code    32  can_ecup.o(i.ECUP_Status_need_to_send)
    ECUP_decode_REQCalibPedal_s              0x08000a5d   Thumb Code    20  can_ecup.o(i.ECUP_decode_REQCalibPedal_s)
    ECUP_get_REQCalibPedal                   0x08000a71   Thumb Code    42  can_ecup.o(i.ECUP_get_REQCalibPedal)
    ECUP_send_DiagPos_s                      0x08000aa5   Thumb Code    82  can_ecup.o(i.ECUP_send_DiagPos_s)
    ECUP_send_DiagPressure_s                 0x08000afd   Thumb Code    54  can_ecup.o(i.ECUP_send_DiagPressure_s)
    ECUP_send_Pedals_s                       0x08000b39   Thumb Code    90  can_ecup.o(i.ECUP_send_Pedals_s)
    ECUP_send_Pressure_s                     0x08000b99   Thumb Code    80  can_ecup.o(i.ECUP_send_Pressure_s)
    ECUP_send_Status_s                       0x08000bed   Thumb Code   100  can_ecup.o(i.ECUP_send_Status_s)
    EXTI15_10_IRQHandler                     0x08000c55   Thumb Code    12  stm32f3xx_it.o(i.EXTI15_10_IRQHandler)
    FLASH_PageErase                          0x08000c89   Thumb Code    32  stm32f3xx_hal_flash_ex.o(i.FLASH_PageErase)
    FLASH_WaitForLastOperation               0x08000d19   Thumb Code    96  stm32f3xx_hal_flash.o(i.FLASH_WaitForLastOperation)
    FlashErasePage                           0x08000d7d   Thumb Code    46  flash.o(i.FlashErasePage)
    FlashWrite                               0x08000db1   Thumb Code    74  flash.o(i.FlashWrite)
    HAL_ADCEx_MultiModeConfigChannel         0x08000e01   Thumb Code   368  stm32f3xx_hal_adc_ex.o(i.HAL_ADCEx_MultiModeConfigChannel)
    HAL_ADC_ConfigChannel                    0x08000f85   Thumb Code  1094  stm32f3xx_hal_adc_ex.o(i.HAL_ADC_ConfigChannel)
    HAL_ADC_ConvCpltCallback                 0x080013ed   Thumb Code    44  adc.o(i.HAL_ADC_ConvCpltCallback)
    HAL_ADC_ConvHalfCpltCallback             0x08001421   Thumb Code     2  stm32f3xx_hal_adc.o(i.HAL_ADC_ConvHalfCpltCallback)
    HAL_ADC_ErrorCallback                    0x08001423   Thumb Code     2  stm32f3xx_hal_adc.o(i.HAL_ADC_ErrorCallback)
    HAL_ADC_Init                             0x08001425   Thumb Code   696  stm32f3xx_hal_adc_ex.o(i.HAL_ADC_Init)
    HAL_ADC_MspInit                          0x080016fd   Thumb Code   398  stm32f3xx_hal_msp.o(i.HAL_ADC_MspInit)
    HAL_ADC_Start_DMA                        0x080018d1   Thumb Code   408  stm32f3xx_hal_adc_ex.o(i.HAL_ADC_Start_DMA)
    HAL_CAN_ConfigFilter                     0x08001a85   Thumb Code   282  stm32f3xx_hal_can.o(i.HAL_CAN_ConfigFilter)
    HAL_CAN_ErrorCallback                    0x08001b9f   Thumb Code     2  stm32f3xx_hal_can.o(i.HAL_CAN_ErrorCallback)
    HAL_CAN_IRQHandler                       0x08001ba1   Thumb Code   550  stm32f3xx_hal_can.o(i.HAL_CAN_IRQHandler)
    HAL_CAN_Init                             0x08001dd9   Thumb Code   444  stm32f3xx_hal_can.o(i.HAL_CAN_Init)
    HAL_CAN_MspInit                          0x08001f95   Thumb Code   124  stm32f3xx_hal_msp.o(i.HAL_CAN_MspInit)
    HAL_CAN_Receive                          0x0800201d   Thumb Code   726  stm32f3xx_hal_can.o(i.HAL_CAN_Receive)
    HAL_CAN_Receive_IT                       0x080022f3   Thumb Code   286  stm32f3xx_hal_can.o(i.HAL_CAN_Receive_IT)
    HAL_CAN_RxCpltCallback                   0x08002411   Thumb Code     2  stm32f3xx_hal_can.o(i.HAL_CAN_RxCpltCallback)
    HAL_CAN_Transmit                         0x08002415   Thumb Code   700  stm32f3xx_hal_can.o(i.HAL_CAN_Transmit)
    HAL_CAN_TxCpltCallback                   0x080026dd   Thumb Code     2  stm32f3xx_hal_can.o(i.HAL_CAN_TxCpltCallback)
    HAL_DAC_ConfigChannel                    0x080026df   Thumb Code    90  stm32f3xx_hal_dac_ex.o(i.HAL_DAC_ConfigChannel)
    HAL_DAC_Init                             0x08002739   Thumb Code    40  stm32f3xx_hal_dac.o(i.HAL_DAC_Init)
    HAL_DAC_MspInit                          0x08002761   Thumb Code    68  stm32f3xx_hal_msp.o(i.HAL_DAC_MspInit)
    HAL_DMA_IRQHandler                       0x080027ad   Thumb Code   230  stm32f3xx_hal_dma.o(i.HAL_DMA_IRQHandler)
    HAL_DMA_Init                             0x08002893   Thumb Code    94  stm32f3xx_hal_dma.o(i.HAL_DMA_Init)
    HAL_DMA_Start_IT                         0x080028f1   Thumb Code   156  stm32f3xx_hal_dma.o(i.HAL_DMA_Start_IT)
    HAL_FLASHEx_Erase                        0x0800298d   Thumb Code   166  stm32f3xx_hal_flash_ex.o(i.HAL_FLASHEx_Erase)
    HAL_FLASH_Lock                           0x08002a3d   Thumb Code    16  stm32f3xx_hal_flash.o(i.HAL_FLASH_Lock)
    HAL_FLASH_Program                        0x08002a51   Thumb Code   168  stm32f3xx_hal_flash.o(i.HAL_FLASH_Program)
    HAL_FLASH_Unlock                         0x08002b01   Thumb Code    36  stm32f3xx_hal_flash.o(i.HAL_FLASH_Unlock)
    HAL_GPIO_EXTI_Callback                   0x08002b31   Thumb Code     2  stm32f3xx_hal_gpio.o(i.HAL_GPIO_EXTI_Callback)
    HAL_GPIO_EXTI_IRQHandler                 0x08002b35   Thumb Code    24  stm32f3xx_hal_gpio.o(i.HAL_GPIO_EXTI_IRQHandler)
    HAL_GPIO_Init                            0x08002b51   Thumb Code   432  stm32f3xx_hal_gpio.o(i.HAL_GPIO_Init)
    HAL_GPIO_ReadPin                         0x08002d1d   Thumb Code    16  stm32f3xx_hal_gpio.o(i.HAL_GPIO_ReadPin)
    HAL_GPIO_TogglePin                       0x08002d2d   Thumb Code     8  stm32f3xx_hal_gpio.o(i.HAL_GPIO_TogglePin)
    HAL_GPIO_WritePin                        0x08002d35   Thumb Code    10  stm32f3xx_hal_gpio.o(i.HAL_GPIO_WritePin)
    HAL_GetTick                              0x08002d41   Thumb Code     6  stm32f3xx_hal.o(i.HAL_GetTick)
    HAL_IncTick                              0x08002d4d   Thumb Code    16  stm32f3xx_hal.o(i.HAL_IncTick)
    HAL_Init                                 0x08002d65   Thumb Code    34  stm32f3xx_hal.o(i.HAL_Init)
    HAL_InitTick                             0x08002d8d   Thumb Code    64  stm32f3xx_hal.o(i.HAL_InitTick)
    HAL_MspInit                              0x08002dd9   Thumb Code   140  stm32f3xx_hal_msp.o(i.HAL_MspInit)
    HAL_NVIC_EnableIRQ                       0x08002e69   Thumb Code    26  stm32f3xx_hal_cortex.o(i.HAL_NVIC_EnableIRQ)
    HAL_NVIC_SetPriority                     0x08002e83   Thumb Code   124  stm32f3xx_hal_cortex.o(i.HAL_NVIC_SetPriority)
    HAL_NVIC_SetPriorityGrouping             0x08002f01   Thumb Code    32  stm32f3xx_hal_cortex.o(i.HAL_NVIC_SetPriorityGrouping)
    HAL_RCCEx_PeriphCLKConfig                0x08002f29   Thumb Code   730  stm32f3xx_hal_rcc_ex.o(i.HAL_RCCEx_PeriphCLKConfig)
    HAL_RCC_ClockConfig                      0x08003211   Thumb Code   732  stm32f3xx_hal_rcc.o(i.HAL_RCC_ClockConfig)
    HAL_RCC_GetHCLKFreq                      0x080034fd   Thumb Code     6  stm32f3xx_hal_rcc.o(i.HAL_RCC_GetHCLKFreq)
    HAL_RCC_GetSysClockFreq                  0x08003509   Thumb Code   120  stm32f3xx_hal_rcc.o(i.HAL_RCC_GetSysClockFreq)
    HAL_RCC_OscConfig                        0x08003599   Thumb Code  2550  stm32f3xx_hal_rcc.o(i.HAL_RCC_OscConfig)
    HAL_SYSTICK_CLKSourceConfig              0x08003f99   Thumb Code    40  stm32f3xx_hal_cortex.o(i.HAL_SYSTICK_CLKSourceConfig)
    HAL_SYSTICK_Callback                     0x08003fc1   Thumb Code     2  stm32f3xx_hal_cortex.o(i.HAL_SYSTICK_Callback)
    HAL_SYSTICK_Config                       0x08003fc3   Thumb Code    52  stm32f3xx_hal_cortex.o(i.HAL_SYSTICK_Config)
    HAL_SYSTICK_IRQHandler                   0x08003ff7   Thumb Code     8  stm32f3xx_hal_cortex.o(i.HAL_SYSTICK_IRQHandler)
    HAL_TIMEx_MasterConfigSynchronization    0x08004001   Thumb Code    98  stm32f3xx_hal_tim_ex.o(i.HAL_TIMEx_MasterConfigSynchronization)
    HAL_TIM_Base_Init                        0x0800406d   Thumb Code    52  stm32f3xx_hal_tim.o(i.HAL_TIM_Base_Init)
    HAL_TIM_Base_MspInit                     0x080040a1   Thumb Code   216  stm32f3xx_hal_msp.o(i.HAL_TIM_Base_MspInit)
    HAL_TIM_ConfigClockSource                0x0800418d   Thumb Code   308  stm32f3xx_hal_tim.o(i.HAL_TIM_ConfigClockSource)
    HAL_TIM_IC_ConfigChannel                 0x080042c5   Thumb Code   224  stm32f3xx_hal_tim.o(i.HAL_TIM_IC_ConfigChannel)
    HAL_TIM_IC_Init                          0x080043a5   Thumb Code    52  stm32f3xx_hal_tim.o(i.HAL_TIM_IC_Init)
    HAL_TIM_IC_MspInit                       0x080043d9   Thumb Code     2  stm32f3xx_hal_tim.o(i.HAL_TIM_IC_MspInit)
    HAL_TIM_SlaveConfigSynchronization       0x080043db   Thumb Code    86  stm32f3xx_hal_tim.o(i.HAL_TIM_SlaveConfigSynchronization)
    HardFault_Handler                        0x08004431   Thumb Code     4  stm32f3xx_it.o(i.HardFault_Handler)
    MemManage_Handler                        0x08004b95   Thumb Code     4  stm32f3xx_it.o(i.MemManage_Handler)
    NMI_Handler                              0x08004b99   Thumb Code     2  stm32f3xx_it.o(i.NMI_Handler)
    Pedals_process                           0x08004bd5   Thumb Code    78  adc.o(i.Pedals_process)
    PendSV_Handler                           0x08004c41   Thumb Code     2  stm32f3xx_it.o(i.PendSV_Handler)
    SVC_Handler                              0x08004c43   Thumb Code     2  stm32f3xx_it.o(i.SVC_Handler)
    Send_can_messagess                       0x08004c8d   Thumb Code   108  adc.o(i.Send_can_messagess)
    SysTick_Handler                          0x08004d15   Thumb Code    12  stm32f3xx_it.o(i.SysTick_Handler)
    SystemClock_Config                       0x08004d21   Thumb Code   162  main.o(i.SystemClock_Config)
    SystemInit                               0x08004dd5   Thumb Code   104  system_stm32f3xx.o(i.SystemInit)
    TIM_Base_SetConfig                       0x08004e51   Thumb Code   160  stm32f3xx_hal_tim.o(i.TIM_Base_SetConfig)
    TIM_ETR_SetConfig                        0x08004f0d   Thumb Code    24  stm32f3xx_hal_tim.o(i.TIM_ETR_SetConfig)
    TIM_TI1_SetConfig                        0x0800500d   Thumb Code   106  stm32f3xx_hal_tim.o(i.TIM_TI1_SetConfig)
    USB_HP_CAN_TX_IRQHandler                 0x08005175   Thumb Code    10  stm32f3xx_it.o(i.USB_HP_CAN_TX_IRQHandler)
    USB_LP_CAN_RX0_IRQHandler                0x08005185   Thumb Code    12  stm32f3xx_it.o(i.USB_LP_CAN_RX0_IRQHandler)
    UsageFault_Handler                       0x08005195   Thumb Code     4  stm32f3xx_it.o(i.UsageFault_Handler)
    _Error_Handler                           0x08005199   Thumb Code     4  main.o(i._Error_Handler)
    __scatterload_copy                       0x0800519d   Thumb Code    14  handlers.o(i.__scatterload_copy)
    __scatterload_null                       0x080051ab   Thumb Code     2  handlers.o(i.__scatterload_null)
    __scatterload_zeroinit                   0x080051ad   Thumb Code    14  handlers.o(i.__scatterload_zeroinit)
    calib_init                               0x0800523d   Thumb Code   108  adc.o(i.calib_init)
    canInitMsgStatus                         0x080052c1   Thumb Code    16  can.o(i.canInitMsgStatus)
    canUpdateMsgStatusOnReceive              0x080052d1   Thumb Code    28  can.o(i.canUpdateMsgStatusOnReceive)
    candbHandleMessage                       0x080052ed   Thumb Code    62  can_ecup.o(i.candbHandleMessage)
    candbInit                                0x08005335   Thumb Code    40  can_ecup.o(i.candbInit)
    load_flash                               0x08005375   Thumb Code    18  flash.o(i.load_flash)
    main                                     0x0800538d   Thumb Code   132  main.o(i.main)
    ringbufCanWrite                          0x08005429   Thumb Code    44  ringbuf.o(i.ringbufCanWrite)
    ringbufTryRead                           0x08005455   Thumb Code    46  ringbuf.o(i.ringbufTryRead)
    ringbufWriteUnchecked                    0x08005483   Thumb Code    38  ringbuf.o(i.ringbufWriteUnchecked)
    start_ADC                                0x080054b9   Thumb Code    62  adc.o(i.start_ADC)
    txGetTimeMillis                          0x08005505   Thumb Code     8  can_callback.o(i.txGetTimeMillis)
    txHandleCANMessage                       0x0800550d   Thumb Code     8  can_callback.o(i.txHandleCANMessage)
    txInit                                   0x08005515   Thumb Code    26  can.o(i.txInit)
    txProcess                                0x0800553d   Thumb Code   112  can.o(i.txProcess)
    txReceiveCANMessage                      0x080055b1   Thumb Code    78  can.o(i.txReceiveCANMessage)
    txSendCANMessage                         0x08005605   Thumb Code    22  can_callback.o(i.txSendCANMessage)
    write_flash                              0x08005849   Thumb Code    26  flash.o(i.write_flash)
    aPLLMULFactorTable                       0x08005868   Data          16  stm32f3xx_hal_rcc.o(.constdata)
    aPredivFactorTable                       0x08005878   Data          16  stm32f3xx_hal_rcc.o(.constdata)
    AHBPrescTable                            0x08005888   Data          16  system_stm32f3xx.o(.constdata)
    APBPrescTable                            0x08005898   Data           8  system_stm32f3xx.o(.constdata)
    Region$$Table$$Base                      0x080058a0   Number         0  anon$$obj.o(Region$$Table)
    Region$$Table$$Limit                     0x080058c0   Number         0  anon$$obj.o(Region$$Table)
    adc_measurement2                         0x20000000   Data           4  adc.o(.data)
    adc_measurement3                         0x20000004   Data           4  adc.o(.data)
    Vol_IN                                   0x20000020   Data           2  adc.o(.data)
    Vol1_out                                 0x20000022   Data           2  adc.o(.data)
    VOI                                      0x20000024   Data           2  adc.o(.data)
    ECUP_Status_last_sent                    0x20000088   Data           4  can_ecup.o(.data)
    ECUP_Pedals_last_sent                    0x2000008c   Data           4  can_ecup.o(.data)
    ECUP_Pressure_last_sent                  0x20000090   Data           4  can_ecup.o(.data)
    ECUP_REQCalibPedal_data                  0x20000094   Data           1  can_ecup.o(.data)
    ECUP_DiagPos_last_sent                   0x20000098   Data           4  can_ecup.o(.data)
    ECUP_DiagPressure_last_sent              0x2000009c   Data           4  can_ecup.o(.data)
    flashadress                              0x200000a0   Data           4  flash.o(.data)
    uwTick                                   0x200000a8   Data           4  stm32f3xx_hal.o(.data)
    uwTickPrio                               0x200000ac   Data           4  stm32f3xx_hal.o(.data)
    uwTickFreq                               0x200000b0   Data           1  stm32f3xx_hal.o(.data)
    SystemCoreClock                          0x200000b4   Data           4  system_stm32f3xx.o(.data)
    adc_measurement1                         0x200000b8   Data          12  adc.o(.bss)
    txMsg                                    0x200001ec   Data          28  can_callback.o(.bss)
    ECUP_REQCalibPedal_status                0x20000208   Data          16  can_ecup.o(.bss)
    hadc1                                    0x20000218   Data          84  main.o(.bss)
    hadc2                                    0x2000026c   Data          84  main.o(.bss)
    hadc3                                    0x200002c0   Data          84  main.o(.bss)
    hdma_adc1                                0x20000314   Data          68  main.o(.bss)
    hdma_adc2                                0x20000358   Data          68  main.o(.bss)
    hdma_adc3                                0x2000039c   Data          68  main.o(.bss)
    hcan                                     0x200003e0   Data          68  main.o(.bss)
    hdac                                     0x20000424   Data          20  main.o(.bss)
    htim1                                    0x20000438   Data          64  main.o(.bss)
    htim2                                    0x20000478   Data          64  main.o(.bss)
    htim15                                   0x200004b8   Data          64  main.o(.bss)
    htim16                                   0x200004f8   Data          64  main.o(.bss)
    canRxMsg                                 0x20000538   Data          36  main.o(.bss)
    pFlash                                   0x20000560   Data          32  stm32f3xx_hal_flash.o(.bss)
    __initial_sp                             0x20000980   Data           0  startup_stm32f303xc.o(STACK)



==============================================================================

Memory Map of the image

  Image Entry point : 0x08000189

  Load Region LR_IROM1 (Base: 0x08000000, Size: 0x00005978, Max: 0x00040000, ABSOLUTE)

    Execution Region ER_IROM1 (Exec base: 0x08000000, Load base: 0x08000000, Size: 0x000058c0, Max: 0x00040000, ABSOLUTE)

    Exec Addr    Load Addr    Size         Type   Attr      Idx    E Section Name        Object

    0x08000000   0x08000000   0x00000188   Data   RO            3    RESET               startup_stm32f303xc.o
    0x08000188   0x08000188   0x00000000   Code   RO         4181  * .ARM.Collect$$$$00000000  mc_w.l(entry.o)
    0x08000188   0x08000188   0x00000004   Code   RO         4194    .ARM.Collect$$$$00000001  mc_w.l(entry2.o)
    0x0800018c   0x0800018c   0x00000004   Code   RO         4197    .ARM.Collect$$$$00000004  mc_w.l(entry5.o)
    0x08000190   0x08000190   0x00000000   Code   RO         4199    .ARM.Collect$$$$00000008  mc_w.l(entry7b.o)
    0x08000190   0x08000190   0x00000000   Code   RO         4201    .ARM.Collect$$$$0000000A  mc_w.l(entry8b.o)
    0x08000190   0x08000190   0x00000008   Code   RO         4202    .ARM.Collect$$$$0000000B  mc_w.l(entry9a.o)
    0x08000198   0x08000198   0x00000000   Code   RO         4204    .ARM.Collect$$$$0000000D  mc_w.l(entry10a.o)
    0x08000198   0x08000198   0x00000000   Code   RO         4206    .ARM.Collect$$$$0000000F  mc_w.l(entry11a.o)
    0x08000198   0x08000198   0x00000004   Code   RO         4195    .ARM.Collect$$$$00002712  mc_w.l(entry2.o)
    0x0800019c   0x0800019c   0x00000024   Code   RO            4    .text               startup_stm32f303xc.o
    0x080001c0   0x080001c0   0x00000020   Code   RO         4184    .text               mc_w.l(llushr.o)
    0x080001e0   0x080001e0   0x00000024   Code   RO         4186    .text               mc_w.l(memcpya.o)
    0x08000204   0x08000204   0x00000024   Code   RO         4188    .text               mc_w.l(memseta.o)
    0x08000228   0x08000228   0x0000001a   Code   RO         4190    .text               mc_w.l(memcmp.o)
    0x08000242   0x08000242   0x00000002   PAD
    0x08000244   0x08000244   0x00000024   Code   RO         4208    .text               mc_w.l(init.o)
    0x08000268   0x08000268   0x0000004e   Code   RO         1107    i.ADC_DMAConvCplt   stm32f3xx_hal_adc_ex.o
    0x080002b6   0x080002b6   0x0000001e   Code   RO         1108    i.ADC_DMAError      stm32f3xx_hal_adc_ex.o
    0x080002d4   0x080002d4   0x0000000e   Code   RO         1109    i.ADC_DMAHalfConvCplt  stm32f3xx_hal_adc_ex.o
    0x080002e2   0x080002e2   0x00000098   Code   RO         1110    i.ADC_Disable       stm32f3xx_hal_adc_ex.o
    0x0800037a   0x0800037a   0x00000002   PAD
    0x0800037c   0x0800037c   0x00000090   Code   RO         1111    i.ADC_Enable        stm32f3xx_hal_adc_ex.o
    0x0800040c   0x0800040c   0x00000010   Code   RO           13    i.BLIK_LED          adc.o
    0x0800041c   0x0800041c   0x00000004   Code   RO          747    i.BusFault_Handler  stm32f3xx_it.o
    0x08000420   0x08000420   0x00000054   Code   RO          748    i.CAN_HandleRX0IRQ  stm32f3xx_it.o
    0x08000474   0x08000474   0x0000000a   Code   RO          749    i.CAN_HandleSCEIRQ  stm32f3xx_it.o
    0x0800047e   0x0800047e   0x00000002   PAD
    0x08000480   0x08000480   0x00000010   Code   RO          750    i.CAN_RX1_IRQHandler  stm32f3xx_it.o
    0x08000490   0x08000490   0x000001d4   Code   RO         1370    i.CAN_Receive_IT    stm32f3xx_hal_can.o
    0x08000664   0x08000664   0x00000018   Code   RO          751    i.CAN_SCE_IRQHandler  stm32f3xx_it.o
    0x0800067c   0x0800067c   0x00000062   Code   RO         1371    i.CAN_Transmit_IT   stm32f3xx_hal_can.o
    0x080006de   0x080006de   0x00000110   Code   RO          489    i.CAN_eforce        can_eforce_init.o
    0x080007ee   0x080007ee   0x00000002   PAD
    0x080007f0   0x080007f0   0x00000118   Code   RO           14    i.Calibrate_pedals  adc.o
    0x08000908   0x08000908   0x00000010   Code   RO          752    i.DMA1_Channel1_IRQHandler  stm32f3xx_it.o
    0x08000918   0x08000918   0x00000010   Code   RO          753    i.DMA2_Channel1_IRQHandler  stm32f3xx_it.o
    0x08000928   0x08000928   0x00000010   Code   RO          754    i.DMA2_Channel5_IRQHandler  stm32f3xx_it.o
    0x08000938   0x08000938   0x00000040   Code   RO         3078    i.DMA_CalcBaseAndBitshift  stm32f3xx_hal_dma.o
    0x08000978   0x08000978   0x0000002c   Code   RO         3079    i.DMA_SetConfig     stm32f3xx_hal_dma.o
    0x080009a4   0x080009a4   0x00000002   Code   RO          755    i.DebugMon_Handler  stm32f3xx_it.o
    0x080009a6   0x080009a6   0x00000002   PAD
    0x080009a8   0x080009a8   0x00000024   Code   RO          347    i.ECUP_DiagPos_need_to_send  can_ecup.o
    0x080009cc   0x080009cc   0x00000024   Code   RO          348    i.ECUP_DiagPressure_need_to_send  can_ecup.o
    0x080009f0   0x080009f0   0x00000024   Code   RO          349    i.ECUP_Pedals_need_to_send  can_ecup.o
    0x08000a14   0x08000a14   0x00000024   Code   RO          350    i.ECUP_Pressure_need_to_send  can_ecup.o
    0x08000a38   0x08000a38   0x00000024   Code   RO          352    i.ECUP_Status_need_to_send  can_ecup.o
    0x08000a5c   0x08000a5c   0x00000014   Code   RO          354    i.ECUP_decode_REQCalibPedal_s  can_ecup.o
    0x08000a70   0x08000a70   0x00000034   Code   RO          355    i.ECUP_get_REQCalibPedal  can_ecup.o
    0x08000aa4   0x08000aa4   0x00000058   Code   RO          357    i.ECUP_send_DiagPos_s  can_ecup.o
    0x08000afc   0x08000afc   0x0000003c   Code   RO          359    i.ECUP_send_DiagPressure_s  can_ecup.o
    0x08000b38   0x08000b38   0x00000060   Code   RO          361    i.ECUP_send_Pedals_s  can_ecup.o
    0x08000b98   0x08000b98   0x00000054   Code   RO          363    i.ECUP_send_Pressure_s  can_ecup.o
    0x08000bec   0x08000bec   0x00000068   Code   RO          365    i.ECUP_send_Status_s  can_ecup.o
    0x08000c54   0x08000c54   0x0000000c   Code   RO          756    i.EXTI15_10_IRQHandler  stm32f3xx_it.o
    0x08000c60   0x08000c60   0x00000028   Code   RO         3559    i.FLASH_MassErase   stm32f3xx_hal_flash_ex.o
    0x08000c88   0x08000c88   0x00000028   Code   RO         3568    i.FLASH_PageErase   stm32f3xx_hal_flash_ex.o
    0x08000cb0   0x08000cb0   0x00000020   Code   RO         3456    i.FLASH_Program_HalfWord  stm32f3xx_hal_flash.o
    0x08000cd0   0x08000cd0   0x00000048   Code   RO         3457    i.FLASH_SetErrorCode  stm32f3xx_hal_flash.o
    0x08000d18   0x08000d18   0x00000064   Code   RO         3458    i.FLASH_WaitForLastOperation  stm32f3xx_hal_flash.o
    0x08000d7c   0x08000d7c   0x00000034   Code   RO          523    i.FlashErasePage    flash.o
    0x08000db0   0x08000db0   0x00000050   Code   RO          524    i.FlashWrite        flash.o
    0x08000e00   0x08000e00   0x00000184   Code   RO         1126    i.HAL_ADCEx_MultiModeConfigChannel  stm32f3xx_hal_adc_ex.o
    0x08000f84   0x08000f84   0x00000468   Code   RO         1135    i.HAL_ADC_ConfigChannel  stm32f3xx_hal_adc_ex.o
    0x080013ec   0x080013ec   0x00000034   Code   RO           15    i.HAL_ADC_ConvCpltCallback  adc.o
    0x08001420   0x08001420   0x00000002   Code   RO          959    i.HAL_ADC_ConvHalfCpltCallback  stm32f3xx_hal_adc.o
    0x08001422   0x08001422   0x00000002   Code   RO          961    i.HAL_ADC_ErrorCallback  stm32f3xx_hal_adc.o
    0x08001424   0x08001424   0x000002d8   Code   RO         1139    i.HAL_ADC_Init      stm32f3xx_hal_adc_ex.o
    0x080016fc   0x080016fc   0x000001d4   Code   RO          882    i.HAL_ADC_MspInit   stm32f3xx_hal_msp.o
    0x080018d0   0x080018d0   0x000001b4   Code   RO         1143    i.HAL_ADC_Start_DMA  stm32f3xx_hal_adc_ex.o
    0x08001a84   0x08001a84   0x0000011a   Code   RO         1372    i.HAL_CAN_ConfigFilter  stm32f3xx_hal_can.o
    0x08001b9e   0x08001b9e   0x00000002   Code   RO         1374    i.HAL_CAN_ErrorCallback  stm32f3xx_hal_can.o
    0x08001ba0   0x08001ba0   0x00000238   Code   RO         1377    i.HAL_CAN_IRQHandler  stm32f3xx_hal_can.o
    0x08001dd8   0x08001dd8   0x000001bc   Code   RO         1378    i.HAL_CAN_Init      stm32f3xx_hal_can.o
    0x08001f94   0x08001f94   0x00000088   Code   RO          884    i.HAL_CAN_MspInit   stm32f3xx_hal_msp.o
    0x0800201c   0x0800201c   0x000002d6   Code   RO         1381    i.HAL_CAN_Receive   stm32f3xx_hal_can.o
    0x080022f2   0x080022f2   0x0000011e   Code   RO         1382    i.HAL_CAN_Receive_IT  stm32f3xx_hal_can.o
    0x08002410   0x08002410   0x00000002   Code   RO         1383    i.HAL_CAN_RxCpltCallback  stm32f3xx_hal_can.o
    0x08002412   0x08002412   0x00000002   PAD
    0x08002414   0x08002414   0x000002c8   Code   RO         1385    i.HAL_CAN_Transmit  stm32f3xx_hal_can.o
    0x080026dc   0x080026dc   0x00000002   Code   RO         1387    i.HAL_CAN_TxCpltCallback  stm32f3xx_hal_can.o
    0x080026de   0x080026de   0x0000005a   Code   RO         1640    i.HAL_DAC_ConfigChannel  stm32f3xx_hal_dac_ex.o
    0x08002738   0x08002738   0x00000028   Code   RO         1511    i.HAL_DAC_Init      stm32f3xx_hal_dac.o
    0x08002760   0x08002760   0x0000004c   Code   RO          886    i.HAL_DAC_MspInit   stm32f3xx_hal_msp.o
    0x080027ac   0x080027ac   0x000000e6   Code   RO         3085    i.HAL_DMA_IRQHandler  stm32f3xx_hal_dma.o
    0x08002892   0x08002892   0x0000005e   Code   RO         3086    i.HAL_DMA_Init      stm32f3xx_hal_dma.o
    0x080028f0   0x080028f0   0x0000009c   Code   RO         3090    i.HAL_DMA_Start_IT  stm32f3xx_hal_dma.o
    0x0800298c   0x0800298c   0x000000b0   Code   RO         3569    i.HAL_FLASHEx_Erase  stm32f3xx_hal_flash_ex.o
    0x08002a3c   0x08002a3c   0x00000014   Code   RO         3462    i.HAL_FLASH_Lock    stm32f3xx_hal_flash.o
    0x08002a50   0x08002a50   0x000000b0   Code   RO         3467    i.HAL_FLASH_Program  stm32f3xx_hal_flash.o
    0x08002b00   0x08002b00   0x00000030   Code   RO         3469    i.HAL_FLASH_Unlock  stm32f3xx_hal_flash.o
    0x08002b30   0x08002b30   0x00000002   Code   RO         3013    i.HAL_GPIO_EXTI_Callback  stm32f3xx_hal_gpio.o
    0x08002b32   0x08002b32   0x00000002   PAD
    0x08002b34   0x08002b34   0x0000001c   Code   RO         3014    i.HAL_GPIO_EXTI_IRQHandler  stm32f3xx_hal_gpio.o
    0x08002b50   0x08002b50   0x000001cc   Code   RO         3015    i.HAL_GPIO_Init     stm32f3xx_hal_gpio.o
    0x08002d1c   0x08002d1c   0x00000010   Code   RO         3017    i.HAL_GPIO_ReadPin  stm32f3xx_hal_gpio.o
    0x08002d2c   0x08002d2c   0x00000008   Code   RO         3018    i.HAL_GPIO_TogglePin  stm32f3xx_hal_gpio.o
    0x08002d34   0x08002d34   0x0000000a   Code   RO         3019    i.HAL_GPIO_WritePin  stm32f3xx_hal_gpio.o
    0x08002d3e   0x08002d3e   0x00000002   PAD
    0x08002d40   0x08002d40   0x0000000c   Code   RO         2705    i.HAL_GetTick       stm32f3xx_hal.o
    0x08002d4c   0x08002d4c   0x00000018   Code   RO         2711    i.HAL_IncTick       stm32f3xx_hal.o
    0x08002d64   0x08002d64   0x00000028   Code   RO         2712    i.HAL_Init          stm32f3xx_hal.o
    0x08002d8c   0x08002d8c   0x0000004c   Code   RO         2713    i.HAL_InitTick      stm32f3xx_hal.o
    0x08002dd8   0x08002dd8   0x00000090   Code   RO          887    i.HAL_MspInit       stm32f3xx_hal_msp.o
    0x08002e68   0x08002e68   0x0000001a   Code   RO         3183    i.HAL_NVIC_EnableIRQ  stm32f3xx_hal_cortex.o
    0x08002e82   0x08002e82   0x0000007c   Code   RO         3189    i.HAL_NVIC_SetPriority  stm32f3xx_hal_cortex.o
    0x08002efe   0x08002efe   0x00000002   PAD
    0x08002f00   0x08002f00   0x00000028   Code   RO         3190    i.HAL_NVIC_SetPriorityGrouping  stm32f3xx_hal_cortex.o
    0x08002f28   0x08002f28   0x000002e8   Code   RO         2972    i.HAL_RCCEx_PeriphCLKConfig  stm32f3xx_hal_rcc_ex.o
    0x08003210   0x08003210   0x000002ec   Code   RO         2866    i.HAL_RCC_ClockConfig  stm32f3xx_hal_rcc.o
    0x080034fc   0x080034fc   0x0000000c   Code   RO         2871    i.HAL_RCC_GetHCLKFreq  stm32f3xx_hal_rcc.o
    0x08003508   0x08003508   0x00000090   Code   RO         2875    i.HAL_RCC_GetSysClockFreq  stm32f3xx_hal_rcc.o
    0x08003598   0x08003598   0x00000a00   Code   RO         2878    i.HAL_RCC_OscConfig  stm32f3xx_hal_rcc.o
    0x08003f98   0x08003f98   0x00000028   Code   RO         3192    i.HAL_SYSTICK_CLKSourceConfig  stm32f3xx_hal_cortex.o
    0x08003fc0   0x08003fc0   0x00000002   Code   RO         3193    i.HAL_SYSTICK_Callback  stm32f3xx_hal_cortex.o
    0x08003fc2   0x08003fc2   0x00000034   Code   RO         3194    i.HAL_SYSTICK_Config  stm32f3xx_hal_cortex.o
    0x08003ff6   0x08003ff6   0x00000008   Code   RO         3195    i.HAL_SYSTICK_IRQHandler  stm32f3xx_hal_cortex.o
    0x08003ffe   0x08003ffe   0x00000002   PAD
    0x08004000   0x08004000   0x0000006c   Code   RO         2434    i.HAL_TIMEx_MasterConfigSynchronization  stm32f3xx_hal_tim_ex.o
    0x0800406c   0x0800406c   0x00000034   Code   RO         1760    i.HAL_TIM_Base_Init  stm32f3xx_hal_tim.o
    0x080040a0   0x080040a0   0x000000ec   Code   RO          889    i.HAL_TIM_Base_MspInit  stm32f3xx_hal_msp.o
    0x0800418c   0x0800418c   0x00000138   Code   RO         1769    i.HAL_TIM_ConfigClockSource  stm32f3xx_hal_tim.o
    0x080042c4   0x080042c4   0x000000e0   Code   RO         1792    i.HAL_TIM_IC_ConfigChannel  stm32f3xx_hal_tim.o
    0x080043a4   0x080043a4   0x00000034   Code   RO         1795    i.HAL_TIM_IC_Init   stm32f3xx_hal_tim.o
    0x080043d8   0x080043d8   0x00000002   Code   RO         1797    i.HAL_TIM_IC_MspInit  stm32f3xx_hal_tim.o
    0x080043da   0x080043da   0x00000056   Code   RO         1843    i.HAL_TIM_SlaveConfigSynchronization  stm32f3xx_hal_tim.o
    0x08004430   0x08004430   0x00000004   Code   RO          757    i.HardFault_Handler  stm32f3xx_it.o
    0x08004434   0x08004434   0x0000012c   Code   RO          650    i.MX_ADC1_Init      main.o
    0x08004560   0x08004560   0x000000ac   Code   RO          651    i.MX_ADC2_Init      main.o
    0x0800460c   0x0800460c   0x000000c4   Code   RO          652    i.MX_ADC3_Init      main.o
    0x080046d0   0x080046d0   0x00000058   Code   RO          653    i.MX_CAN_Init       main.o
    0x08004728   0x08004728   0x00000050   Code   RO          654    i.MX_DAC_Init       main.o
    0x08004778   0x08004778   0x00000070   Code   RO          655    i.MX_DMA_Init       main.o
    0x080047e8   0x080047e8   0x0000010c   Code   RO          656    i.MX_GPIO_Init      main.o
    0x080048f4   0x080048f4   0x000000f0   Code   RO          657    i.MX_TIM15_Init     main.o
    0x080049e4   0x080049e4   0x0000004c   Code   RO          658    i.MX_TIM16_Init     main.o
    0x08004a30   0x08004a30   0x000000ec   Code   RO          659    i.MX_TIM1_Init      main.o
    0x08004b1c   0x08004b1c   0x00000078   Code   RO          660    i.MX_TIM2_Init      main.o
    0x08004b94   0x08004b94   0x00000004   Code   RO          758    i.MemManage_Handler  stm32f3xx_it.o
    0x08004b98   0x08004b98   0x00000002   Code   RO          759    i.NMI_Handler       stm32f3xx_it.o
    0x08004b9a   0x08004b9a   0x00000002   PAD
    0x08004b9c   0x08004b9c   0x00000010   Code   RO         3196    i.NVIC_GetPriorityGrouping  stm32f3xx_hal_cortex.o
    0x08004bac   0x08004bac   0x00000028   Code   RO         3197    i.NVIC_SetPriority  stm32f3xx_hal_cortex.o
    0x08004bd4   0x08004bd4   0x0000006c   Code   RO           16    i.Pedals_process    adc.o
    0x08004c40   0x08004c40   0x00000002   Code   RO          760    i.PendSV_Handler    stm32f3xx_it.o
    0x08004c42   0x08004c42   0x00000002   Code   RO          761    i.SVC_Handler       stm32f3xx_it.o
    0x08004c44   0x08004c44   0x00000048   Code   RO          298    i.SendCANMessage    can_callback.o
    0x08004c8c   0x08004c8c   0x00000088   Code   RO           17    i.Send_can_messagess  adc.o
    0x08004d14   0x08004d14   0x0000000c   Code   RO          762    i.SysTick_Handler   stm32f3xx_it.o
    0x08004d20   0x08004d20   0x000000b4   Code   RO          661    i.SystemClock_Config  main.o
    0x08004dd4   0x08004dd4   0x0000007c   Code   RO         4148    i.SystemInit        system_stm32f3xx.o
    0x08004e50   0x08004e50   0x000000bc   Code   RO         1846    i.TIM_Base_SetConfig  stm32f3xx_hal_tim.o
    0x08004f0c   0x08004f0c   0x00000018   Code   RO         1853    i.TIM_ETR_SetConfig  stm32f3xx_hal_tim.o
    0x08004f24   0x08004f24   0x00000014   Code   RO         1854    i.TIM_ITRx_SetConfig  stm32f3xx_hal_tim.o
    0x08004f38   0x08004f38   0x000000a8   Code   RO         1859    i.TIM_SlaveTimer_SetConfig  stm32f3xx_hal_tim.o
    0x08004fe0   0x08004fe0   0x0000002a   Code   RO         1860    i.TIM_TI1_ConfigInputStage  stm32f3xx_hal_tim.o
    0x0800500a   0x0800500a   0x00000002   PAD
    0x0800500c   0x0800500c   0x00000080   Code   RO         1861    i.TIM_TI1_SetConfig  stm32f3xx_hal_tim.o
    0x0800508c   0x0800508c   0x0000002c   Code   RO         1862    i.TIM_TI2_ConfigInputStage  stm32f3xx_hal_tim.o
    0x080050b8   0x080050b8   0x0000003e   Code   RO         1863    i.TIM_TI2_SetConfig  stm32f3xx_hal_tim.o
    0x080050f6   0x080050f6   0x0000003c   Code   RO         1864    i.TIM_TI3_SetConfig  stm32f3xx_hal_tim.o
    0x08005132   0x08005132   0x00000040   Code   RO         1865    i.TIM_TI4_SetConfig  stm32f3xx_hal_tim.o
    0x08005172   0x08005172   0x00000002   PAD
    0x08005174   0x08005174   0x00000010   Code   RO          763    i.USB_HP_CAN_TX_IRQHandler  stm32f3xx_it.o
    0x08005184   0x08005184   0x00000010   Code   RO          764    i.USB_LP_CAN_RX0_IRQHandler  stm32f3xx_it.o
    0x08005194   0x08005194   0x00000004   Code   RO          765    i.UsageFault_Handler  stm32f3xx_it.o
    0x08005198   0x08005198   0x00000004   Code   RO          662    i._Error_Handler    main.o
    0x0800519c   0x0800519c   0x0000000e   Code   RO         4212    i.__scatterload_copy  mc_w.l(handlers.o)
    0x080051aa   0x080051aa   0x00000002   Code   RO         4213    i.__scatterload_null  mc_w.l(handlers.o)
    0x080051ac   0x080051ac   0x0000000e   Code   RO         4214    i.__scatterload_zeroinit  mc_w.l(handlers.o)
    0x080051ba   0x080051ba   0x00000026   Code   RO           18    i.apply_calibration  adc.o
    0x080051e0   0x080051e0   0x0000005a   Code   RO           19    i.brake_pressure_raw_to_kPa  adc.o
    0x0800523a   0x0800523a   0x00000002   PAD
    0x0800523c   0x0800523c   0x00000084   Code   RO           20    i.calib_init        adc.o
    0x080052c0   0x080052c0   0x00000010   Code   RO          239    i.canInitMsgStatus  can.o
    0x080052d0   0x080052d0   0x0000001c   Code   RO          240    i.canUpdateMsgStatusOnReceive  can.o
    0x080052ec   0x080052ec   0x00000048   Code   RO          366    i.candbHandleMessage  can_ecup.o
    0x08005334   0x08005334   0x00000040   Code   RO          367    i.candbInit         can_ecup.o
    0x08005374   0x08005374   0x00000018   Code   RO          525    i.load_flash        flash.o
    0x0800538c   0x0800538c   0x0000009c   Code   RO          663    i.main              main.o
    0x08005428   0x08005428   0x0000002c   Code   RO          576    i.ringbufCanWrite   ringbuf.o
    0x08005454   0x08005454   0x0000002e   Code   RO          577    i.ringbufTryRead    ringbuf.o
    0x08005482   0x08005482   0x00000026   Code   RO          579    i.ringbufWriteUnchecked  ringbuf.o
    0x080054a8   0x080054a8   0x00000010   Code   RO          241    i.set_flag          can.o
    0x080054b8   0x080054b8   0x0000004c   Code   RO           22    i.start_ADC         adc.o
    0x08005504   0x08005504   0x00000008   Code   RO          299    i.txGetTimeMillis   can_callback.o
    0x0800550c   0x0800550c   0x00000008   Code   RO          300    i.txHandleCANMessage  can_callback.o
    0x08005514   0x08005514   0x00000028   Code   RO          242    i.txInit            can.o
    0x0800553c   0x0800553c   0x00000074   Code   RO          243    i.txProcess         can.o
    0x080055b0   0x080055b0   0x00000054   Code   RO          244    i.txReceiveCANMessage  can.o
    0x08005604   0x08005604   0x0000001c   Code   RO          301    i.txSendCANMessage  can_callback.o
    0x08005620   0x08005620   0x000001f8   Code   RO           24    i.update_pedal_measurements  adc.o
    0x08005818   0x08005818   0x00000030   Code   RO           25    i.update_voltage_measurements  adc.o
    0x08005848   0x08005848   0x00000020   Code   RO          526    i.write_flash       flash.o
    0x08005868   0x08005868   0x00000020   Data   RO         2879    .constdata          stm32f3xx_hal_rcc.o
    0x08005888   0x08005888   0x00000018   Data   RO         4149    .constdata          system_stm32f3xx.o
    0x080058a0   0x080058a0   0x00000020   Data   RO         4210    Region$$Table       anon$$obj.o


    Execution Region RW_IRAM1 (Exec base: 0x20000000, Load base: 0x080058c0, Size: 0x00000980, Max: 0x0000a000, ABSOLUTE)

    Exec Addr    Load Addr    Size         Type   Attr      Idx    E Section Name        Object

    0x20000000   0x080058c0   0x00000084   Data   RW           27    .data               adc.o
    0x20000084   0x08005944   0x00000004   Data   RW          246    .data               can.o
    0x20000088   0x08005948   0x00000018   Data   RW          369    .data               can_ecup.o
    0x200000a0   0x08005960   0x00000004   Data   RW          527    .data               flash.o
    0x200000a4   0x08005964   0x00000004   Data   RW          890    .data               stm32f3xx_hal_msp.o
    0x200000a8   0x08005968   0x00000009   Data   RW         2719    .data               stm32f3xx_hal.o
    0x200000b1   0x08005971   0x00000003   PAD
    0x200000b4   0x08005974   0x00000004   Data   RW         4150    .data               system_stm32f3xx.o
    0x200000b8        -       0x00000024   Zero   RW           26    .bss                adc.o
    0x200000dc        -       0x00000110   Zero   RW          245    .bss                can.o
    0x200001ec        -       0x0000001c   Zero   RW          302    .bss                can_callback.o
    0x20000208        -       0x00000010   Zero   RW          368    .bss                can_ecup.o
    0x20000218        -       0x00000344   Zero   RW          664    .bss                main.o
    0x2000055c   0x08005978   0x00000004   PAD
    0x20000560        -       0x00000020   Zero   RW         3470    .bss                stm32f3xx_hal_flash.o
    0x20000580        -       0x00000400   Zero   RW            1    STACK               startup_stm32f303xc.o


==============================================================================

Image component sizes


      Code (inc. data)   RO Data    RW Data    ZI Data      Debug   Object Name

      1480        224          0        132         36     638941   adc.o
       300         28          0          4        272       7084   can.o
       116         10          0          0         28       3349   can_callback.o
       820         90          0         24         16      10265   can_ecup.o
       272          0          0          0          0       1273   can_eforce_init.o
       188         24          0          4          0       3731   flash.o
      2228        282          0          0        836       9380   main.o
       128          0          0          0          0       2499   ringbuf.o
        36          8        392          0       1024        852   startup_stm32f303xc.o
       152         32          0          9          0       3421   stm32f3xx_hal.o
         4          0          0          0          0       1583   stm32f3xx_hal_adc.o
      3098        118          0          0          0       9166   stm32f3xx_hal_adc_ex.o
      3590         30          0          0          0       9635   stm32f3xx_hal_can.o
       348         22          0          0          0      32781   stm32f3xx_hal_cortex.o
        40          0          0          0          0       1079   stm32f3xx_hal_dac.o
        90          0          0          0          0       1308   stm32f3xx_hal_dac_ex.o
       588          8          0          0          0       4199   stm32f3xx_hal_dma.o
       448         46          0          0         32       4410   stm32f3xx_hal_flash.o
       256         28          0          0          0       2715   stm32f3xx_hal_flash_ex.o
       524         32          0          0          0       4868   stm32f3xx_hal_gpio.o
      1060        114          0          4          0       4503   stm32f3xx_hal_msp.o
      3464         78         32          0          0       5294   stm32f3xx_hal_rcc.o
       744         14          0          0          0       1636   stm32f3xx_hal_rcc_ex.o
      1528         66          0          0          0      12892   stm32f3xx_hal_tim.o
       108         10          0          0          0       1400   stm32f3xx_hal_tim_ex.o
       262         42          0          0          0      10216   stm32f3xx_it.o
       124         20         24          4          0       1211   system_stm32f3xx.o

    ----------------------------------------------------------------------
     22022       1326        480        184       2248     789691   Object Totals
         0          0         32          0          0          0   (incl. Generated)
        26          0          0          3          4          0   (incl. Padding)

    ----------------------------------------------------------------------

      Code (inc. data)   RO Data    RW Data    ZI Data      Debug   Library Member Name

         0          0          0          0          0          0   entry.o
         0          0          0          0          0          0   entry10a.o
         0          0          0          0          0          0   entry11a.o
         8          4          0          0          0          0   entry2.o
         4          0          0          0          0          0   entry5.o
         0          0          0          0          0          0   entry7b.o
         0          0          0          0          0          0   entry8b.o
         8          4          0          0          0          0   entry9a.o
        30          0          0          0          0          0   handlers.o
        36          8          0          0          0         68   init.o
        32          0          0          0          0         68   llushr.o
        26          0          0          0          0         80   memcmp.o
        36          0          0          0          0         68   memcpya.o
        36          0          0          0          0        108   memseta.o

    ----------------------------------------------------------------------
       218         16          0          0          0        392   Library Totals
         2          0          0          0          0          0   (incl. Padding)

    ----------------------------------------------------------------------

      Code (inc. data)   RO Data    RW Data    ZI Data      Debug   Library Name

       216         16          0          0          0        392   mc_w.l

    ----------------------------------------------------------------------
       218         16          0          0          0        392   Library Totals

    ----------------------------------------------------------------------

==============================================================================


      Code (inc. data)   RO Data    RW Data    ZI Data      Debug   

     22240       1342        480        184       2248     774631   Grand Totals
     22240       1342        480        184       2248     774631   ELF Image Totals
     22240       1342        480        184          0          0   ROM Totals

==============================================================================

    Total RO  Size (Code + RO Data)                22720 (  22.19kB)
    Total RW  Size (RW Data + ZI Data)              2432 (   2.38kB)
    Total ROM Size (Code + RO Data + RW Data)      22904 (  22.37kB)

==============================================================================

