<html>
<body>
<pre>
<h1>µVision Build Log</h1>
<h2>Tool Versions:</h2>
IDE-Version: µVision V5.24.2.0
Copyright (C) 2017 ARM Ltd and ARM Germany GmbH. All rights reserved.
License Information: JJJ BBB, BBB, LIC=----
 
Tool Versions:
Toolchain:       MDK-Lite  Version: 5.24.1
Toolchain Path:  C:\Keil_v5\ARM\ARMCC\Bin
C Compiler:      Armcc.exe V5.06 update 5 (build 528)
Assembler:       Armasm.exe V5.06 update 5 (build 528)
Linker/Locator:  ArmLink.exe V5.06 update 5 (build 528)
Library Manager: ArmAr.exe V5.06 update 5 (build 528)
Hex Converter:   FromElf.exe V5.06 update 5 (build 528)
CPU DLL:         SARMCM3.DLL V5.24.1
Dialog DLL:      DCM.DLL V1.16.0.0
Target DLL:      STLink\ST-LINKIII-KEIL_SWO.dll V3.0.1.0
Dialog DLL:      TCM.DLL V1.32.0.0
 
<h2>Project:</h2>
C:\Users\janbe\Desktop\FSE_ECUP_I\FSE_ECUP_LASTMINUTE\MDK-ARM\FSE_ECUP_LASTMINUTE.uvprojx
Project File Date:  07/04/2018

<h2>Output:</h2>
*** Using Compiler 'V5.06 update 5 (build 528)', folder: 'C:\Keil_v5\ARM\ARMCC\Bin'
Build target 'FSE_ECUP_LASTMINUTE'
compiling ADC.c...
..\Src\ADC.c(307): warning:  #188-D: enumerated type mixed with another type
  	HAL_GPIO_WritePin(
ED_4_GPIO_Port,
ED_4_Pin,ECUP_stat.BrakeActive);
..\Src\ADC.c(328): warning:  #188-D: enumerated type mixed with another type
  		HAL_GPIO_WritePin(
ED_3_GPIO_Port,
ED_3_Pin,APPS_plausible);
..\Src\ADC.c(376): warning:  #188-D: enumerated type mixed with another type
  	HAL_GPIO_WritePin(
ED_2_GPIO_Port,
ED_2_Pin,bspd);
..\Src\ADC.c(42): warning:  #177-D: variable "APPS_DEADTIME"  was declared but never referenced
  static int APPS_DEADTIME = 200;
..\Src\ADC.c(43): warning:  #550-D: variable "reakup"  was set but never used
  static uint16_t reakup [2];
..\Src\ADC.c(48): warning:  #177-D: variable "i"  was declared but never referenced
  static uint16_t i =0 ;
..\Src\ADC.c: 6 warnings, 0 errors
linking...
Program Size: Code=22240 RO-data=480 RW-data=184 ZI-data=2248  
FromELF: creating hex file...
"FSE_ECUP_LASTMINUTE\FSE_ECUP_LASTMINUTE.axf" - 0 Error(s), 6 Warning(s).

<h2>Software Packages used:</h2>

Package Vendor: ARM
                http://www.keil.com/pack/ARM.CMSIS.5.0.1.pack
                ARM.CMSIS.5.0.1
                CMSIS (Cortex Microcontroller Software Interface Standard)
   * Component: CORE Version: 5.0.1

Package Vendor: Keil
                http://www.keil.com/pack/Keil.STM32F3xx_DFP.2.1.0.pack
                Keil.STM32F3xx_DFP.2.1.0
                STMicroelectronics STM32F3 Series Device Support and Examples

<h2>Collection of Component include folders:</h2>
  .\RTE\_FSE_ECUP_LASTMINUTE
  C:\Keil_v5\ARM\PACK\ARM\CMSIS\5.0.1\CMSIS\Include
  C:\Keil_v5\ARM\PACK\Keil\STM32F3xx_DFP\2.1.0\Drivers\CMSIS\Device\ST\STM32F3xx\Include

<h2>Collection of Component Files used:</h2>

   * Component: ARM::CMSIS:CORE:5.0.1
Build Time Elapsed:  00:00:02
</pre>
</body>
</html>
